Archive member included to satisfy reference by file (symbol)

tinyJambu/libtinyJambu.a(encrypt.c.obj)
                              CMakeFiles/test.dir/test.c.obj (crypto_aead_encrypt)
/usr/local/Cellar/arm-none-eabi-gcc/10.3-2021.07/gcc/bin/../lib/gcc/arm-none-eabi/10.3.1/thumb/v6-m/nofp/libgcc.a(_dvmd_tls.o)
                              CMakeFiles/test.dir/Users/lino/Research/pico-sdk/src/rp2_common/pico_divider/divider.S.obj (__aeabi_idiv0)
/usr/local/Cellar/arm-none-eabi-gcc/10.3-2021.07/gcc/bin/../lib/gcc/arm-none-eabi/10.3.1/../../../../arm-none-eabi/lib/thumb/v6-m/nofp/libg.a(lib_a-calloc.o)
                              CMakeFiles/test.dir/Users/lino/Research/pico-sdk/src/rp2_common/pico_malloc/pico_malloc.c.obj (calloc)
/usr/local/Cellar/arm-none-eabi-gcc/10.3-2021.07/gcc/bin/../lib/gcc/arm-none-eabi/10.3.1/../../../../arm-none-eabi/lib/thumb/v6-m/nofp/libg.a(lib_a-callocr.o)
                              /usr/local/Cellar/arm-none-eabi-gcc/10.3-2021.07/gcc/bin/../lib/gcc/arm-none-eabi/10.3.1/../../../../arm-none-eabi/lib/thumb/v6-m/nofp/libg.a(lib_a-calloc.o) (_calloc_r)
/usr/local/Cellar/arm-none-eabi-gcc/10.3-2021.07/gcc/bin/../lib/gcc/arm-none-eabi/10.3.1/../../../../arm-none-eabi/lib/thumb/v6-m/nofp/libg.a(lib_a-ctype_.o)
                              CMakeFiles/test.dir/Users/lino/Research/pico-sdk/lib/tinyusb/src/tusb.c.obj (_ctype_)
/usr/local/Cellar/arm-none-eabi-gcc/10.3-2021.07/gcc/bin/../lib/gcc/arm-none-eabi/10.3.1/../../../../arm-none-eabi/lib/thumb/v6-m/nofp/libg.a(lib_a-errno.o)
                              /usr/local/Cellar/arm-none-eabi-gcc/10.3-2021.07/gcc/bin/../lib/gcc/arm-none-eabi/10.3.1/../../../../arm-none-eabi/lib/thumb/v6-m/nofp/libg.a(lib_a-callocr.o) (__errno)
/usr/local/Cellar/arm-none-eabi-gcc/10.3-2021.07/gcc/bin/../lib/gcc/arm-none-eabi/10.3.1/../../../../arm-none-eabi/lib/thumb/v6-m/nofp/libg.a(lib_a-impure.o)
                              /usr/local/Cellar/arm-none-eabi-gcc/10.3-2021.07/gcc/bin/../lib/gcc/arm-none-eabi/10.3.1/../../../../arm-none-eabi/lib/thumb/v6-m/nofp/libg.a(lib_a-calloc.o) (_impure_ptr)
/usr/local/Cellar/arm-none-eabi-gcc/10.3-2021.07/gcc/bin/../lib/gcc/arm-none-eabi/10.3.1/../../../../arm-none-eabi/lib/thumb/v6-m/nofp/libg.a(lib_a-init.o)
                              /usr/local/Cellar/arm-none-eabi-gcc/10.3-2021.07/gcc/bin/../lib/gcc/arm-none-eabi/10.3.1/../../../../arm-none-eabi/lib/thumb/v6-m/nofp/crt0.o (__libc_init_array)
/usr/local/Cellar/arm-none-eabi-gcc/10.3-2021.07/gcc/bin/../lib/gcc/arm-none-eabi/10.3.1/../../../../arm-none-eabi/lib/thumb/v6-m/nofp/libg.a(lib_a-malloc.o)
                              CMakeFiles/test.dir/Users/lino/Research/pico-sdk/src/rp2_common/pico_malloc/pico_malloc.c.obj (malloc)
/usr/local/Cellar/arm-none-eabi-gcc/10.3-2021.07/gcc/bin/../lib/gcc/arm-none-eabi/10.3.1/../../../../arm-none-eabi/lib/thumb/v6-m/nofp/libg.a(lib_a-mallocr.o)
                              /usr/local/Cellar/arm-none-eabi-gcc/10.3-2021.07/gcc/bin/../lib/gcc/arm-none-eabi/10.3.1/../../../../arm-none-eabi/lib/thumb/v6-m/nofp/libg.a(lib_a-callocr.o) (_malloc_r)
/usr/local/Cellar/arm-none-eabi-gcc/10.3-2021.07/gcc/bin/../lib/gcc/arm-none-eabi/10.3.1/../../../../arm-none-eabi/lib/thumb/v6-m/nofp/libg.a(lib_a-mlock.o)
                              /usr/local/Cellar/arm-none-eabi-gcc/10.3-2021.07/gcc/bin/../lib/gcc/arm-none-eabi/10.3.1/../../../../arm-none-eabi/lib/thumb/v6-m/nofp/libg.a(lib_a-mallocr.o) (__malloc_lock)
/usr/local/Cellar/arm-none-eabi-gcc/10.3-2021.07/gcc/bin/../lib/gcc/arm-none-eabi/10.3.1/../../../../arm-none-eabi/lib/thumb/v6-m/nofp/libg.a(lib_a-realloc.o)
                              CMakeFiles/test.dir/Users/lino/Research/pico-sdk/src/rp2_common/pico_malloc/pico_malloc.c.obj (realloc)
/usr/local/Cellar/arm-none-eabi-gcc/10.3-2021.07/gcc/bin/../lib/gcc/arm-none-eabi/10.3.1/../../../../arm-none-eabi/lib/thumb/v6-m/nofp/libg.a(lib_a-reallocr.o)
                              /usr/local/Cellar/arm-none-eabi-gcc/10.3-2021.07/gcc/bin/../lib/gcc/arm-none-eabi/10.3.1/../../../../arm-none-eabi/lib/thumb/v6-m/nofp/libg.a(lib_a-realloc.o) (_realloc_r)
/usr/local/Cellar/arm-none-eabi-gcc/10.3-2021.07/gcc/bin/../lib/gcc/arm-none-eabi/10.3.1/../../../../arm-none-eabi/lib/thumb/v6-m/nofp/libg.a(lib_a-sbrkr.o)
                              /usr/local/Cellar/arm-none-eabi-gcc/10.3-2021.07/gcc/bin/../lib/gcc/arm-none-eabi/10.3.1/../../../../arm-none-eabi/lib/thumb/v6-m/nofp/libg.a(lib_a-mallocr.o) (_sbrk_r)
/usr/local/Cellar/arm-none-eabi-gcc/10.3-2021.07/gcc/bin/../lib/gcc/arm-none-eabi/10.3.1/../../../../arm-none-eabi/lib/thumb/v6-m/nofp/libg.a(lib_a-strlen-stub.o)
                              CMakeFiles/test.dir/Users/lino/Research/pico-sdk/src/rp2_common/pico_stdio/stdio.c.obj (strlen)
/usr/local/Cellar/arm-none-eabi-gcc/10.3-2021.07/gcc/bin/../lib/gcc/arm-none-eabi/10.3.1/../../../../arm-none-eabi/lib/thumb/v6-m/nofp/libg.a(lib_a-freer.o)
[...]
Memory Configuration

Name             Origin             Length             Attributes
FLASH            0x0000000010000000 0x0000000000200000 xr
RAM              0x0000000020000000 0x0000000000040000 xrw
SCRATCH_X        0x0000000020040000 0x0000000000001000 xrw
SCRATCH_Y        0x0000000020041000 0x0000000000001000 xrw
*default*        0x0000000000000000 0xffffffffffffffff

Linker script and memory map

LOAD /usr/local/Cellar/arm-none-eabi-gcc/10.3-2021.07/gcc/bin/../lib/gcc/arm-none-eabi/10.3.1/thumb/v6-m/nofp/crti.o
LOAD /usr/local/Cellar/arm-none-eabi-gcc/10.3-2021.07/gcc/bin/../lib/gcc/arm-none-eabi/10.3.1/thumb/v6-m/nofp/crtbegin.o
LOAD /usr/local/Cellar/arm-none-eabi-gcc/10.3-2021.07/gcc/bin/../lib/gcc/arm-none-eabi/10.3.1/../../../../arm-none-eabi/lib/thumb/v6-m/nofp/crt0.o

.flash_begin    0x0000000010000000        0x0
                0x0000000010000000                __flash_binary_start = .

.boot2          0x0000000010000000      0x100
                0x0000000010000000                __boot2_start__ = .
 *(.boot2)
 .boot2         0x0000000010000000      0x100 /var/folders/6h/0f1zp6_s125f8mk3rm2b8tqr0000gn/T//ccYUhglb.o
                0x0000000010000100                __boot2_end__ = .
                0x0000000000000001                ASSERT (((__boot2_end__ - __boot2_start__) == 0x100), ERROR: Pico second stage bootloader must be 256 bytes in size)

.text           0x0000000010000100     0x71a0
                0x0000000010000100                __logical_binary_start = .
 *(.vectors)
 .vectors       0x0000000010000100       0xd4 CMakeFiles/test.dir/Users/lino/Research/pico-sdk/src/rp2_common/pico_standard_link/crt0.S.obj
                0x0000000010000100                __VECTOR_TABLE
                0x0000000010000100                __vectors
                0x00000000100001c0                __default_isrs_start
                0x00000000100001c0                isr_invalid
                0x00000000100001c2                isr_nmi
                0x00000000100001c4                isr_hardfault
                0x00000000100001c6                isr_svcall
                0x00000000100001c8                isr_pendsv
                0x00000000100001ca                isr_systick
                0x00000000100001cc                isr_irq28
                0x00000000100001cc                isr_irq19
                0x00000000100001cc                isr_irq0
                0x00000000100001cc                isr_irq6
                0x00000000100001cc                isr_irq22
                0x00000000100001cc                isr_irq17
                0x00000000100001cc                isr_irq14
                0x00000000100001cc                isr_irq2
                0x00000000100001cc                isr_irq10
                0x00000000100001cc                isr_irq8
                0x00000000100001cc                isr_irq24
                0x00000000100001cc                isr_irq1
                0x00000000100001cc                isr_irq7
                0x00000000100001cc                isr_irq21
                0x00000000100001cc                isr_irq20
                0x00000000100001cc                isr_irq15
                0x00000000100001cc                isr_irq25
                0x00000000100001cc                isr_irq4
                0x00000000100001cc                isr_irq16
                0x00000000100001cc                isr_irq29
                0x00000000100001cc                isr_irq26
                0x00000000100001cc                __default_isrs_end
                0x00000000100001cc                isr_irq3
                0x00000000100001cc                isr_irq9
                0x00000000100001cc                __unhandled_user_irq
                0x00000000100001cc                isr_irq13
                0x00000000100001cc                isr_irq27
                0x00000000100001cc                isr_irq31
                0x00000000100001cc                isr_irq5
                0x00000000100001cc                isr_irq11
                0x00000000100001cc                isr_irq23
                0x00000000100001cc                isr_irq18
                0x00000000100001cc                isr_irq30
                0x00000000100001cc                isr_irq12
                0x00000000100001d2                unhandled_user_irq_num_in_r0
 *(.binary_info_header)
 .binary_info_header
                0x00000000100001d4       0x14 CMakeFiles/test.dir/Users/lino/Research/pico-sdk/src/rp2_common/pico_standard_link/crt0.S.obj
                0x00000000100001e8                __binary_info_header_end = .
 *(.reset)
 .reset         0x00000000100001e8       0xa8 CMakeFiles/test.dir/Users/lino/Research/pico-sdk/src/rp2_common/pico_standard_link/crt0.S.obj
                0x00000000100001e8                _entry_point
                0x0000000010000266                __get_current_exception
 .reset         0x0000000010000290       0x30 CMakeFiles/test.dir/Users/lino/Research/pico-sdk/src/rp2_common/pico_standard_link/binary_info.c.obj
 *(.init)
 .init          0x00000000100002c0        0x4 /usr/local/Cellar/arm-none-eabi-gcc/10.3-2021.07/gcc/bin/../lib/gcc/arm-none-eabi/10.3.1/thumb/v6-m/nofp/crti.o
                0x00000000100002c0                _init
 *(EXCLUDE_FILE(*libm.a: *libc.a:*lib_a-mem*.o *libgcc.a:) .text*)
 .text          0x00000000100002c4       0x48 /usr/local/Cellar/arm-none-eabi-gcc/10.3-2021.07/gcc/bin/../lib/gcc/arm-none-eabi/10.3.1/thumb/v6-m/nofp/crtbegin.o
 .text.main     0x000000001000030c      0x1ac CMakeFiles/test.dir/test.c.obj
                0x000000001000030c                main
 .text.hw_claim_lock
                0x00000000100004b8       0x18 CMakeFiles/test.dir/Users/lino/Research/pico-sdk/src/rp2_common/hardware_claim/claim.c.obj
                0x00000000100004b8                hw_claim_lock
 .text.hw_claim_unlock
                0x00000000100004d0       0x14 CMakeFiles/test.dir/Users/lino/Research/pico-sdk/src/rp2_common/hardware_claim/claim.c.obj
                0x00000000100004d0                hw_claim_unlock
 .text.hw_claim_or_assert
                0x00000000100004e4       0x32 CMakeFiles/test.dir/Users/lino/Research/pico-sdk/src/rp2_common/hardware_claim/claim.c.obj
                0x00000000100004e4                hw_claim_or_assert
 .text.hw_claim_unused_from_range
                0x0000000010000516       0x50 CMakeFiles/test.dir/Users/lino/Research/pico-sdk/src/rp2_common/hardware_claim/claim.c.obj
                0x0000000010000516                hw_claim_unused_from_range
 *fill*         0x0000000010000566        0x2 
 .text.running_on_fpga
                0x0000000010000568       0x14 CMakeFiles/test.dir/Users/lino/Research/pico-sdk/src/rp2_common/pico_platform/platform.c.obj
                0x0000000010000568                running_on_fpga
 .text.spin_locks_reset
                0x000000001000057c       0x20 CMakeFiles/test.dir/Users/lino/Research/pico-sdk/src/rp2_common/hardware_sync/sync.c.obj
                0x000000001000057c                spin_locks_reset
 .text.next_striped_spin_lock_num
                0x000000001000059c       0x1c CMakeFiles/test.dir/Users/lino/Research/pico-sdk/src/rp2_common/hardware_sync/sync.c.obj
                0x000000001000059c                next_striped_spin_lock_num
 .text.spin_lock_claim_unused
                0x00000000100005b8       0x20 CMakeFiles/test.dir/Users/lino/Research/pico-sdk/src/rp2_common/hardware_sync/sync.c.obj
                0x00000000100005b8                spin_lock_claim_unused
 .text.set_raw_irq_handler_and_unlock
                0x00000000100005d8       0x28 CMakeFiles/test.dir/Users/lino/Research/pico-sdk/src/rp2_common/hardware_irq/irq.c.obj
 .text.make_branch
                0x0000000010000600       0x48 CMakeFiles/test.dir/Users/lino/Research/pico-sdk/src/rp2_common/hardware_irq/irq.c.obj
 .text.insert_branch_and_link
                0x0000000010000648       0x40 CMakeFiles/test.dir/Users/lino/Research/pico-sdk/src/rp2_common/hardware_irq/irq.c.obj
 .text.irq_is_enabled
                0x0000000010000688       0x18 CMakeFiles/test.dir/Users/lino/Research/pico-sdk/src/rp2_common/hardware_irq/irq.c.obj
                0x0000000010000688                irq_is_enabled
 .text.irq_set_mask_enabled
                0x00000000100006a0       0x20 CMakeFiles/test.dir/Users/lino/Research/pico-sdk/src/rp2_common/hardware_irq/irq.c.obj
                0x00000000100006a0                irq_set_mask_enabled
 .text.irq_set_enabled
                0x00000000100006c0        0xe CMakeFiles/test.dir/Users/lino/Research/pico-sdk/src/rp2_common/hardware_irq/irq.c.obj
                0x00000000100006c0                irq_set_enabled
 *fill*         0x00000000100006ce        0x2 
 .text.irq_set_pending
                0x00000000100006d0       0x10 CMakeFiles/test.dir/Users/lino/Research/pico-sdk/src/rp2_common/hardware_irq/irq.c.obj
                0x00000000100006d0                irq_set_pending
 .text.irq_get_vtable_handler
                0x00000000100006e0       0x10 CMakeFiles/test.dir/Users/lino/Research/pico-sdk/src/rp2_common/hardware_irq/irq.c.obj
                0x00000000100006e0                irq_get_vtable_handler
 .text.irq_has_shared_handler
                0x00000000100006f0       0x24 CMakeFiles/test.dir/Users/lino/Research/pico-sdk/src/rp2_common/hardware_irq/irq.c.obj
                0x00000000100006f0                irq_has_shared_handler
 .text.irq_set_exclusive_handler
                0x0000000010000714       0x54 CMakeFiles/test.dir/Users/lino/Research/pico-sdk/src/rp2_common/hardware_irq/irq.c.obj
                0x0000000010000714                irq_set_exclusive_handler
 .text.irq_add_shared_handler
                0x0000000010000768      0x230 CMakeFiles/test.dir/Users/lino/Research/pico-sdk/src/rp2_common/hardware_irq/irq.c.obj
                0x0000000010000768                irq_add_shared_handler
 .text.irq_remove_handler
                0x0000000010000998      0x1a8 CMakeFiles/test.dir/Users/lino/Research/pico-sdk/src/rp2_common/hardware_irq/irq.c.obj
                0x0000000010000998                irq_remove_handler
 .text.irq_add_tail_to_free_list
                0x0000000010000b40       0xf0 CMakeFiles/test.dir/Users/lino/Research/pico-sdk/src/rp2_common/hardware_irq/irq.c.obj
                0x0000000010000b40                irq_add_tail_to_free_list
 .text.irq_init_priorities
                0x0000000010000c30       0x1c CMakeFiles/test.dir/Users/lino/Research/pico-sdk/src/rp2_common/hardware_irq/irq.c.obj
                0x0000000010000c30                irq_init_priorities
 .text.user_irq_claim_unused
                0x0000000010000c4c       0x30 CMakeFiles/test.dir/Users/lino/Research/pico-sdk/src/rp2_common/hardware_irq/irq.c.obj
                0x0000000010000c4c                user_irq_claim_unused
 .text.lock_init
                0x0000000010000c7c       0x10 CMakeFiles/test.dir/Users/lino/Research/pico-sdk/src/common/pico_sync/lock_core.c.obj
                0x0000000010000c7c                lock_init
 .text.alarm_pool_post_alloc_init
                0x0000000010000c8c       0x40 CMakeFiles/test.dir/Users/lino/Research/pico-sdk/src/common/pico_time/time.c.obj
 .text.sleep_until_callback
                0x0000000010000ccc       0x30 CMakeFiles/test.dir/Users/lino/Research/pico-sdk/src/common/pico_time/time.c.obj
 .text.timer_pool_entry_comparator
                0x0000000010000cfc       0x7c CMakeFiles/test.dir/Users/lino/Research/pico-sdk/src/common/pico_time/time.c.obj
                0x0000000010000cfc                timer_pool_entry_comparator
 .text.ph_add_child_node
                0x0000000010000d78       0xa4 CMakeFiles/test.dir/Users/lino/Research/pico-sdk/src/common/pico_time/time.c.obj
 .text.ph_merge_nodes
                0x0000000010000e1c       0x3e CMakeFiles/test.dir/Users/lino/Research/pico-sdk/src/common/pico_time/time.c.obj
 *fill*         0x0000000010000e5a        0x2 
 .text.add_alarm_under_lock
                0x0000000010000e5c      0x174 CMakeFiles/test.dir/Users/lino/Research/pico-sdk/src/common/pico_time/time.c.obj
 .text.alarm_pool_alarm_callback
                0x0000000010000fd0      0x328 CMakeFiles/test.dir/Users/lino/Research/pico-sdk/src/common/pico_time/time.c.obj
 .text.alarm_pool_init_default
                0x00000000100012f8       0x38 CMakeFiles/test.dir/Users/lino/Research/pico-sdk/src/common/pico_time/time.c.obj
                0x00000000100012f8                alarm_pool_init_default
 .text.alarm_pool_get_default
                0x0000000010001330       0x2c CMakeFiles/test.dir/Users/lino/Research/pico-sdk/src/common/pico_time/time.c.obj
                0x0000000010001330                alarm_pool_get_default
 .text.alarm_pool_add_alarm_at
                0x000000001000135c      0x170 CMakeFiles/test.dir/Users/lino/Research/pico-sdk/src/common/pico_time/time.c.obj
                0x000000001000135c                alarm_pool_add_alarm_at
 .text.alarm_pool_cancel_alarm
                0x00000000100014cc       0xf0 CMakeFiles/test.dir/Users/lino/Research/pico-sdk/src/common/pico_time/time.c.obj
                0x00000000100014cc                alarm_pool_cancel_alarm
 .text.sleep_until
                0x00000000100015bc       0xfc CMakeFiles/test.dir/Users/lino/Research/pico-sdk/src/common/pico_time/time.c.obj
                0x00000000100015bc                sleep_until
 .text.sleep_us
                0x00000000100016b8       0x58 CMakeFiles/test.dir/Users/lino/Research/pico-sdk/src/common/pico_time/time.c.obj
                0x00000000100016b8                sleep_us
 .text.sleep_ms
                0x0000000010001710       0x14 CMakeFiles/test.dir/Users/lino/Research/pico-sdk/src/common/pico_time/time.c.obj
                0x0000000010001710                sleep_ms
 .text.best_effort_wfe_or_timeout
                0x0000000010001724       0x80 CMakeFiles/test.dir/Users/lino/Research/pico-sdk/src/common/pico_time/time.c.obj
                0x0000000010001724                best_effort_wfe_or_timeout
 .text.hardware_alarm_irq_handler
                0x00000000100017a4       0x8c CMakeFiles/test.dir/Users/lino/Research/pico-sdk/src/rp2_common/hardware_timer/timer.c.obj
 .text.hardware_alarm_claim
                0x0000000010001830       0x18 CMakeFiles/test.dir/Users/lino/Research/pico-sdk/src/rp2_common/hardware_timer/timer.c.obj
                0x0000000010001830                hardware_alarm_claim
 .text.time_us_64
                0x0000000010001848       0x18 CMakeFiles/test.dir/Users/lino/Research/pico-sdk/src/rp2_common/hardware_timer/timer.c.obj
                0x0000000010001848                time_us_64
 .text.busy_wait_until
                0x0000000010001860       0x28 CMakeFiles/test.dir/Users/lino/Research/pico-sdk/src/rp2_common/hardware_timer/timer.c.obj
                0x0000000010001860                busy_wait_until
 .text.hardware_alarm_set_callback
                0x0000000010001888       0x90 CMakeFiles/test.dir/Users/lino/Research/pico-sdk/src/rp2_common/hardware_timer/timer.c.obj
                0x0000000010001888                hardware_alarm_set_callback
 .text.hardware_alarm_set_target
                0x0000000010001918       0xe8 CMakeFiles/test.dir/Users/lino/Research/pico-sdk/src/rp2_common/hardware_timer/timer.c.obj
                0x0000000010001918                hardware_alarm_set_target
 .text.hardware_alarm_cancel
                0x0000000010001a00       0x40 CMakeFiles/test.dir/Users/lino/Research/pico-sdk/src/rp2_common/hardware_timer/timer.c.obj
                0x0000000010001a00                hardware_alarm_cancel
 .text.ph_add_child_node
                0x0000000010001a40       0xa4 CMakeFiles/test.dir/Users/lino/Research/pico-sdk/src/common/pico_util/pheap.c.obj
 .text.ph_merge_nodes
                0x0000000010001ae4       0x3e CMakeFiles/test.dir/Users/lino/Research/pico-sdk/src/common/pico_util/pheap.c.obj
 *fill*         0x0000000010001b22        0x2 
 .text.ph_clear
                0x0000000010001b24       0x70 CMakeFiles/test.dir/Users/lino/Research/pico-sdk/src/common/pico_util/pheap.c.obj
                0x0000000010001b24                ph_clear
 .text.ph_post_alloc_init
                0x0000000010001b94        0xe CMakeFiles/test.dir/Users/lino/Research/pico-sdk/src/common/pico_util/pheap.c.obj
                0x0000000010001b94                ph_post_alloc_init
 *fill*         0x0000000010001ba2        0x2 
 .text.ph_merge_two_pass
                0x0000000010001ba4       0xa8 CMakeFiles/test.dir/Users/lino/Research/pico-sdk/src/common/pico_util/pheap.c.obj
                0x0000000010001ba4                ph_merge_two_pass
 .text.ph_remove_any_head
                0x0000000010001c4c      0x108 CMakeFiles/test.dir/Users/lino/Research/pico-sdk/src/common/pico_util/pheap.c.obj
 .text.ph_remove_head
                0x0000000010001d54       0x14 CMakeFiles/test.dir/Users/lino/Research/pico-sdk/src/common/pico_util/pheap.c.obj
                0x0000000010001d54                ph_remove_head
 .text.ph_remove_and_free_node
                0x0000000010001d68       0xf8 CMakeFiles/test.dir/Users/lino/Research/pico-sdk/src/common/pico_util/pheap.c.obj
                0x0000000010001d68                ph_remove_and_free_node
 .text.mutex_init
                0x0000000010001e60       0x1a CMakeFiles/test.dir/Users/lino/Research/pico-sdk/src/common/pico_sync/mutex.c.obj
                0x0000000010001e60                mutex_init
 .text.recursive_mutex_init
                0x0000000010001e7a       0x1e CMakeFiles/test.dir/Users/lino/Research/pico-sdk/src/common/pico_sync/mutex.c.obj
                0x0000000010001e7a                recursive_mutex_init
 .text.critical_section_init_with_lock_num
                0x0000000010001e98       0x14 CMakeFiles/test.dir/Users/lino/Research/pico-sdk/src/common/pico_sync/critical_section.c.obj
                0x0000000010001e98                critical_section_init_with_lock_num
 .text.critical_section_init
                0x0000000010001eac       0x14 CMakeFiles/test.dir/Users/lino/Research/pico-sdk/src/common/pico_sync/critical_section.c.obj
                0x0000000010001eac                critical_section_init
 .text._exit    0x0000000010001ec0        0x4 CMakeFiles/test.dir/Users/lino/Research/pico-sdk/src/rp2_common/pico_runtime/runtime.c.obj
                0x0000000010001ec0                _exit
 .text.exit     0x0000000010001ec4        0x6 CMakeFiles/test.dir/Users/lino/Research/pico-sdk/src/rp2_common/pico_runtime/runtime.c.obj
                0x0000000010001ec4                exit
 *fill*         0x0000000010001eca        0x2 
 .text.__assert_func
                0x0000000010001ecc       0x3c CMakeFiles/test.dir/Users/lino/Research/pico-sdk/src/rp2_common/pico_runtime/runtime.c.obj
                0x0000000010001ecc                __assert_func
 .text.runtime_init
                0x0000000010001f08       0xf8 CMakeFiles/test.dir/Users/lino/Research/pico-sdk/src/rp2_common/pico_runtime/runtime.c.obj
                0x0000000010001f08                runtime_init
 .text.panic    0x0000000010002000       0x30 CMakeFiles/test.dir/Users/lino/Research/pico-sdk/src/rp2_common/pico_runtime/runtime.c.obj
                0x0000000010002000                panic
 .text.clock_configure
                0x0000000010002030      0x104 CMakeFiles/test.dir/Users/lino/Research/pico-sdk/src/rp2_common/hardware_clocks/clocks.c.obj
                0x0000000010002030                clock_configure
 .text.clocks_init
                0x0000000010002134      0x100 CMakeFiles/test.dir/Users/lino/Research/pico-sdk/src/rp2_common/hardware_clocks/clocks.c.obj
                0x0000000010002134                clocks_init
 .text.pll_init
                0x0000000010002234      0x140 CMakeFiles/test.dir/Users/lino/Research/pico-sdk/src/rp2_common/hardware_pll/pll.c.obj
                0x0000000010002234                pll_init
 .text.watchdog_start_tick
                0x0000000010002374       0x10 CMakeFiles/test.dir/Users/lino/Research/pico-sdk/src/rp2_common/hardware_watchdog/watchdog.c.obj
                0x0000000010002374                watchdog_start_tick
 .text.watchdog_update
                0x0000000010002384       0x14 CMakeFiles/test.dir/Users/lino/Research/pico-sdk/src/rp2_common/hardware_watchdog/watchdog.c.obj
                0x0000000010002384                watchdog_update
 .text._watchdog_enable
                0x0000000010002398       0x78 CMakeFiles/test.dir/Users/lino/Research/pico-sdk/src/rp2_common/hardware_watchdog/watchdog.c.obj
                0x0000000010002398                _watchdog_enable
 .text.watchdog_reboot
                0x0000000010002410       0x48 CMakeFiles/test.dir/Users/lino/Research/pico-sdk/src/rp2_common/hardware_watchdog/watchdog.c.obj
                0x0000000010002410                watchdog_reboot
 .text.xosc_init
                0x0000000010002458       0x28 CMakeFiles/test.dir/Users/lino/Research/pico-sdk/src/rp2_common/hardware_xosc/xosc.c.obj
                0x0000000010002458                xosc_init
 .text._out_null
                0x0000000010002480        0x2 CMakeFiles/test.dir/Users/lino/Research/pico-sdk/src/rp2_common/pico_printf/printf.c.obj
 .text._out_fct
                0x0000000010002482        0xe CMakeFiles/test.dir/Users/lino/Research/pico-sdk/src/rp2_common/pico_printf/printf.c.obj
 .text._atoi    0x0000000010002490       0x24 CMakeFiles/test.dir/Users/lino/Research/pico-sdk/src/rp2_common/pico_printf/printf.c.obj
 .text._out_rev
                0x00000000100024b4       0xae CMakeFiles/test.dir/Users/lino/Research/pico-sdk/src/rp2_common/pico_printf/printf.c.obj
 .text._ntoa_format
                0x0000000010002562      0x112 CMakeFiles/test.dir/Users/lino/Research/pico-sdk/src/rp2_common/pico_printf/printf.c.obj
 .text._ntoa_long
                0x0000000010002674       0xbc CMakeFiles/test.dir/Users/lino/Research/pico-sdk/src/rp2_common/pico_printf/printf.c.obj
 .text._ntoa_long_long
                0x0000000010002730       0xe2 CMakeFiles/test.dir/Users/lino/Research/pico-sdk/src/rp2_common/pico_printf/printf.c.obj
 *fill*         0x0000000010002812        0x2 
 .text._etoa    0x0000000010002814      0x414 CMakeFiles/test.dir/Users/lino/Research/pico-sdk/src/rp2_common/pico_printf/printf.c.obj
 .text._ftoa    0x0000000010002c28      0x354 CMakeFiles/test.dir/Users/lino/Research/pico-sdk/src/rp2_common/pico_printf/printf.c.obj
 .text._vsnprintf
                0x0000000010002f7c      0x624 CMakeFiles/test.dir/Users/lino/Research/pico-sdk/src/rp2_common/pico_printf/printf.c.obj
 .text.vfctprintf
                0x00000000100035a0       0x20 CMakeFiles/test.dir/Users/lino/Research/pico-sdk/src/rp2_common/pico_printf/printf.c.obj
                0x00000000100035a0                vfctprintf
 .text          0x00000000100035c0       0x10 CMakeFiles/test.dir/Users/lino/Research/pico-sdk/src/rp2_common/pico_bit_ops/bit_ops_aeabi.S.obj
 .text.rom_func_lookup
                0x00000000100035d0       0x10 CMakeFiles/test.dir/Users/lino/Research/pico-sdk/src/rp2_common/pico_bootrom/bootrom.c.obj
                0x00000000100035d0                rom_func_lookup
 .text.rom_data_lookup
                0x00000000100035e0       0x10 CMakeFiles/test.dir/Users/lino/Research/pico-sdk/src/rp2_common/pico_bootrom/bootrom.c.obj
                0x00000000100035e0                rom_data_lookup
 .text.rom_funcs_lookup
                0x00000000100035f0       0x36 CMakeFiles/test.dir/Users/lino/Research/pico-sdk/src/rp2_common/pico_bootrom/bootrom.c.obj
                0x00000000100035f0                rom_funcs_lookup
 *fill*         0x0000000010003626        0x2 
 .text.__wrap___aeabi_idiv
                0x0000000010003628       0x50 CMakeFiles/test.dir/Users/lino/Research/pico-sdk/src/rp2_common/pico_divider/divider.S.obj
                0x0000000010003628                __wrap___aeabi_idivmod
                0x0000000010003628                divmod_s32s32
                0x0000000010003628                div_s32s32
                0x0000000010003628                __wrap___aeabi_idiv
                0x0000000010003630                divmod_s32s32_unsafe
                0x000000001000365c                divmod_s32s32_savestate
 .text.__wrap___aeabi_uidiv
                0x0000000010003678       0x4c CMakeFiles/test.dir/Users/lino/Research/pico-sdk/src/rp2_common/pico_divider/divider.S.obj
                0x0000000010003678                __wrap___aeabi_uidiv
                0x0000000010003678                __wrap___aeabi_uidivmod
                0x0000000010003678                div_u32u32
                0x0000000010003678                divmod_u32u32
                0x0000000010003680                divmod_u32u32_unsafe
                0x00000000100036a8                divmod_u32u32_savestate
 .text.__wrap___aeabi_ldiv
                0x00000000100036c4      0x434 CMakeFiles/test.dir/Users/lino/Research/pico-sdk/src/rp2_common/pico_divider/divider.S.obj
                0x00000000100036c4                __wrap___aeabi_ldivmod
                0x00000000100036c4                div_s64s64
                0x00000000100036c4                divmod_s64s64
                0x00000000100036fc                divmod_u64u64
                0x00000000100036fc                div_u64u64
                0x00000000100036fc                __wrap___aeabi_uldivmod
                0x000000001000370c                divmod_u64u64_savestate
                0x0000000010003734                divmod_s64s64_unsafe
                0x00000000100037bc                divmod_u64u64_unsafe
 .text.__wrap___aeabi_darithmetic
                0x0000000010003af8       0x60 CMakeFiles/test.dir/Users/lino/Research/pico-sdk/src/rp2_common/pico_double/double_aeabi.S.obj
                0x0000000010003af8                __wrap___aeabi_drsub
                0x0000000010003afe                __wrap___aeabi_dsub
                0x0000000010003b08                __wrap___aeabi_dadd
                0x0000000010003b12                __wrap___aeabi_ddiv
                0x0000000010003b46                __wrap___aeabi_dmul
 .text.__wrap___aeabi_cdcmple
                0x0000000010003b58       0x6c CMakeFiles/test.dir/Users/lino/Research/pico-sdk/src/rp2_common/pico_double/double_aeabi.S.obj
                0x0000000010003b58                __wrap___aeabi_cdrcmple
                0x0000000010003b68                __wrap___aeabi_cdcmple
                0x0000000010003b68                __wrap___aeabi_cdcmpeq
 .text.__wrap___aeabi_dcmplt
                0x0000000010003bc4        0xc CMakeFiles/test.dir/Users/lino/Research/pico-sdk/src/rp2_common/pico_double/double_aeabi.S.obj
                0x0000000010003bc4                __wrap___aeabi_dcmplt
 .text.__wrap___aeabi_dcmple
                0x0000000010003bd0       0x10 CMakeFiles/test.dir/Users/lino/Research/pico-sdk/src/rp2_common/pico_double/double_aeabi.S.obj
                0x0000000010003bd0                __wrap___aeabi_dcmple
 .text.__wrap___aeabi_dcmpge
                0x0000000010003be0       0x10 CMakeFiles/test.dir/Users/lino/Research/pico-sdk/src/rp2_common/pico_double/double_aeabi.S.obj
                0x0000000010003be0                __wrap___aeabi_dcmpge
 .text.__wrap___aeabi_dcmpgt
                0x0000000010003bf0        0xa CMakeFiles/test.dir/Users/lino/Research/pico-sdk/src/rp2_common/pico_double/double_aeabi.S.obj
                0x0000000010003bf0                __wrap___aeabi_dcmpgt
 .text.__wrap___aeabi_dcmpun
                0x0000000010003bfa       0x1c CMakeFiles/test.dir/Users/lino/Research/pico-sdk/src/rp2_common/pico_double/double_aeabi.S.obj
                0x0000000010003bfa                __wrap___aeabi_dcmpun
 *fill*         0x0000000010003c16        0x2 
 .text.__wrap___aeabi_i2d
                0x0000000010003c18       0x38 CMakeFiles/test.dir/Users/lino/Research/pico-sdk/src/rp2_common/pico_double/double_aeabi.S.obj
                0x0000000010003c18                __wrap___aeabi_ui2d
                0x0000000010003c20                __wrap___aeabi_i2d
 .text.__wrap___aeabi_d2iz
                0x0000000010003c50       0x48 CMakeFiles/test.dir/Users/lino/Research/pico-sdk/src/rp2_common/pico_double/double_aeabi.S.obj
                0x0000000010003c50                __wrap___aeabi_d2iz
                0x0000000010003c50                double2int_z
 .text.__wrap___aeabi_d2uiz
                0x0000000010003c98       0x10 CMakeFiles/test.dir/Users/lino/Research/pico-sdk/src/rp2_common/pico_double/double_aeabi.S.obj
                0x0000000010003c98                double2uint
                0x0000000010003c98                __wrap___aeabi_d2uiz
 .text.missing_double_func_shim
                0x0000000010003ca8        0xc CMakeFiles/test.dir/Users/lino/Research/pico-sdk/src/rp2_common/pico_double/double_init_rom.c.obj
 .text.__aeabi_double_init
                0x0000000010003cb4       0xcc CMakeFiles/test.dir/Users/lino/Research/pico-sdk/src/rp2_common/pico_double/double_init_rom.c.obj
                0x0000000010003cb4                __aeabi_double_init
 .text.double_table_shim_on_use_helper
                0x0000000010003d80       0x34 CMakeFiles/test.dir/Users/lino/Research/pico-sdk/src/rp2_common/pico_double/double_v1_rom_shim.S.obj
                0x0000000010003d80                double_table_shim_on_use_helper
 .text.__aeabi_lmul
                0x0000000010003db4       0x32 CMakeFiles/test.dir/Users/lino/Research/pico-sdk/src/rp2_common/pico_int64_ops/pico_int64_ops_aeabi.S.obj
                0x0000000010003db4                __wrap___aeabi_lmul
 *fill*         0x0000000010003de6        0x2 
 .text.missing_float_func_shim
                0x0000000010003de8        0xc CMakeFiles/test.dir/Users/lino/Research/pico-sdk/src/rp2_common/pico_float/float_init_rom.c.obj
 .text.__aeabi_float_init
                0x0000000010003df4       0x88 CMakeFiles/test.dir/Users/lino/Research/pico-sdk/src/rp2_common/pico_float/float_init_rom.c.obj
                0x0000000010003df4                __aeabi_float_init
 .text          0x0000000010003e7c       0x10 CMakeFiles/test.dir/Users/lino/Research/pico-sdk/src/rp2_common/pico_mem_ops/mem_ops_aeabi.S.obj
                0x0000000010003e7c                __aeabi_mem_init
 .text.memset   0x0000000010003e8c        0xc CMakeFiles/test.dir/Users/lino/Research/pico-sdk/src/rp2_common/pico_mem_ops/mem_ops_aeabi.S.obj
                0x0000000010003e8c                __wrap_memset
 .text.memcpy   0x0000000010003e98        0xc CMakeFiles/test.dir/Users/lino/Research/pico-sdk/src/rp2_common/pico_mem_ops/mem_ops_aeabi.S.obj
                0x0000000010003e98                __wrap___aeabi_memcpy
                0x0000000010003e98                __wrap_memcpy
 .text.stdio_out_chars_no_crlf
                0x0000000010003ea4        0xe CMakeFiles/test.dir/Users/lino/Research/pico-sdk/src/rp2_common/pico_stdio/stdio.c.obj
 *fill*         0x0000000010003eb2        0x2 
 .text.stdio_out_chars_crlf
                0x0000000010003eb4       0x80 CMakeFiles/test.dir/Users/lino/Research/pico-sdk/src/rp2_common/pico_stdio/stdio.c.obj
 .text.stdio_stack_buffer_flush
                0x0000000010003f34       0x44 CMakeFiles/test.dir/Users/lino/Research/pico-sdk/src/rp2_common/pico_stdio/stdio.c.obj
 .text.stdio_buffered_printer
                0x0000000010003f78       0x20 CMakeFiles/test.dir/Users/lino/Research/pico-sdk/src/rp2_common/pico_stdio/stdio.c.obj
 .text.stdout_serialize_begin
                0x0000000010003f98       0x30 CMakeFiles/test.dir/Users/lino/Research/pico-sdk/src/rp2_common/pico_stdio/stdio.c.obj
                0x0000000010003f98                stdout_serialize_begin
 .text.stdout_serialize_end
                0x0000000010003fc8       0x10 CMakeFiles/test.dir/Users/lino/Research/pico-sdk/src/rp2_common/pico_stdio/stdio.c.obj
                0x0000000010003fc8                stdout_serialize_end
 .text.stdio_put_string
                0x0000000010003fd8       0x98 CMakeFiles/test.dir/Users/lino/Research/pico-sdk/src/rp2_common/pico_stdio/stdio.c.obj
 .text.__wrap_putchar
                0x0000000010004070       0x1c CMakeFiles/test.dir/Users/lino/Research/pico-sdk/src/rp2_common/pico_stdio/stdio.c.obj
                0x0000000010004070                __wrap_putchar
 .text.stdio_set_driver_enabled
                0x000000001000408c       0x2c CMakeFiles/test.dir/Users/lino/Research/pico-sdk/src/rp2_common/pico_stdio/stdio.c.obj
                0x000000001000408c                stdio_set_driver_enabled
 .text.stdio_flush
                0x00000000100040b8       0x20 CMakeFiles/test.dir/Users/lino/Research/pico-sdk/src/rp2_common/pico_stdio/stdio.c.obj
                0x00000000100040b8                stdio_flush
 .text.__wrap_puts
                0x00000000100040d8       0x1e CMakeFiles/test.dir/Users/lino/Research/pico-sdk/src/rp2_common/pico_stdio/stdio.c.obj
                0x00000000100040d8                __wrap_puts
 *fill*         0x00000000100040f6        0x2 
 .text.__wrap_vprintf
                0x00000000100040f8       0x44 CMakeFiles/test.dir/Users/lino/Research/pico-sdk/src/rp2_common/pico_stdio/stdio.c.obj
                0x00000000100040f8                __wrap_vprintf
 .text.__wrap_printf
                0x000000001000413c       0x18 CMakeFiles/test.dir/Users/lino/Research/pico-sdk/src/rp2_common/pico_stdio/stdio.c.obj
                0x000000001000413c                __wrap_printf
 .text.stdio_init_all
                0x0000000010004154        0x8 CMakeFiles/test.dir/Users/lino/Research/pico-sdk/src/rp2_common/pico_stdio/stdio.c.obj
                0x0000000010004154                stdio_init_all
 .text.resetd_init
                0x000000001000415c        0x2 CMakeFiles/test.dir/Users/lino/Research/pico-sdk/src/rp2_common/pico_stdio_usb/reset_interface.c.obj
 *fill*         0x000000001000415e        0x2 
 .text.resetd_reset
                0x0000000010004160        0xc CMakeFiles/test.dir/Users/lino/Research/pico-sdk/src/rp2_common/pico_stdio_usb/reset_interface.c.obj
 .text.resetd_open
                0x000000001000416c       0x34 CMakeFiles/test.dir/Users/lino/Research/pico-sdk/src/rp2_common/pico_stdio_usb/reset_interface.c.obj
 .text.resetd_xfer_cb
                0x00000000100041a0        0x4 CMakeFiles/test.dir/Users/lino/Research/pico-sdk/src/rp2_common/pico_stdio_usb/reset_interface.c.obj
 .text.reset_usb_boot
                0x00000000100041a4       0x18 CMakeFiles/test.dir/Users/lino/Research/pico-sdk/src/rp2_common/pico_stdio_usb/reset_interface.c.obj
 .text.resetd_control_xfer_cb
                0x00000000100041bc       0x5c CMakeFiles/test.dir/Users/lino/Research/pico-sdk/src/rp2_common/pico_stdio_usb/reset_interface.c.obj
 .text.usbd_app_driver_get_cb
                0x0000000010004218        0xc CMakeFiles/test.dir/Users/lino/Research/pico-sdk/src/rp2_common/pico_stdio_usb/reset_interface.c.obj
                0x0000000010004218                usbd_app_driver_get_cb
 .text.tud_cdc_line_coding_cb
                0x0000000010004224       0x28 CMakeFiles/test.dir/Users/lino/Research/pico-sdk/src/rp2_common/pico_stdio_usb/reset_interface.c.obj
                0x0000000010004224                tud_cdc_line_coding_cb
 .text.stdio_usb_in_chars
                0x000000001000424c       0x70 CMakeFiles/test.dir/Users/lino/Research/pico-sdk/src/rp2_common/pico_stdio_usb/stdio_usb.c.obj
                0x000000001000424c                stdio_usb_in_chars
 .text.low_priority_worker_irq
                0x00000000100042bc       0x20 CMakeFiles/test.dir/Users/lino/Research/pico-sdk/src/rp2_common/pico_stdio_usb/stdio_usb.c.obj
 .text.stdio_usb_out_chars
                0x00000000100042dc       0xd4 CMakeFiles/test.dir/Users/lino/Research/pico-sdk/src/rp2_common/pico_stdio_usb/stdio_usb.c.obj
 .text.timer_task
                0x00000000100043b0       0x40 CMakeFiles/test.dir/Users/lino/Research/pico-sdk/src/rp2_common/pico_stdio_usb/stdio_usb.c.obj
 .text.usb_irq  0x00000000100043f0       0x10 CMakeFiles/test.dir/Users/lino/Research/pico-sdk/src/rp2_common/pico_stdio_usb/stdio_usb.c.obj
 .text.stdio_usb_init
                0x0000000010004400       0xec CMakeFiles/test.dir/Users/lino/Research/pico-sdk/src/rp2_common/pico_stdio_usb/stdio_usb.c.obj
                0x0000000010004400                stdio_usb_init
 .text.tud_descriptor_device_cb
                0x00000000100044ec        0x8 CMakeFiles/test.dir/Users/lino/Research/pico-sdk/src/rp2_common/pico_stdio_usb/stdio_usb_descriptors.c.obj
                0x00000000100044ec                tud_descriptor_device_cb
 .text.tud_descriptor_configuration_cb
                0x00000000100044f4        0x8 CMakeFiles/test.dir/Users/lino/Research/pico-sdk/src/rp2_common/pico_stdio_usb/stdio_usb_descriptors.c.obj
                0x00000000100044f4                tud_descriptor_configuration_cb
 .text.tud_descriptor_string_cb
                0x00000000100044fc       0x6c CMakeFiles/test.dir/Users/lino/Research/pico-sdk/src/rp2_common/pico_stdio_usb/stdio_usb_descriptors.c.obj
                0x00000000100044fc                tud_descriptor_string_cb
 .text.hw_endpoint_get_by_addr
                0x0000000010004568       0x18 CMakeFiles/test.dir/Users/lino/Research/pico-sdk/lib/tinyusb/src/portable/raspberrypi/rp2040/dcd_rp2040.c.obj
 .text.reset_ep0_pid
                0x0000000010004580       0x28 CMakeFiles/test.dir/Users/lino/Research/pico-sdk/lib/tinyusb/src/portable/raspberrypi/rp2040/dcd_rp2040.c.obj
 .text._hw_endpoint_alloc
                0x00000000100045a8       0x70 CMakeFiles/test.dir/Users/lino/Research/pico-sdk/lib/tinyusb/src/portable/raspberrypi/rp2040/dcd_rp2040.c.obj
 .text.hw_endpoint_init
                0x0000000010004618       0x88 CMakeFiles/test.dir/Users/lino/Research/pico-sdk/lib/tinyusb/src/portable/raspberrypi/rp2040/dcd_rp2040.c.obj
 .text.reset_non_control_endpoints
                0x00000000100046a0       0x40 CMakeFiles/test.dir/Users/lino/Research/pico-sdk/lib/tinyusb/src/portable/raspberrypi/rp2040/dcd_rp2040.c.obj
 .text.hw_handle_buff_status
                0x00000000100046e0       0x8c CMakeFiles/test.dir/Users/lino/Research/pico-sdk/lib/tinyusb/src/portable/raspberrypi/rp2040/dcd_rp2040.c.obj
 .text.dcd_rp2040_irq
                0x000000001000476c       0xc0 CMakeFiles/test.dir/Users/lino/Research/pico-sdk/lib/tinyusb/src/portable/raspberrypi/rp2040/dcd_rp2040.c.obj
 .text.hw_endpoint_xfer
                0x000000001000482c       0x14 CMakeFiles/test.dir/Users/lino/Research/pico-sdk/lib/tinyusb/src/portable/raspberrypi/rp2040/dcd_rp2040.c.obj
 .text.dcd_int_enable
                0x0000000010004840       0x2c CMakeFiles/test.dir/Users/lino/Research/pico-sdk/lib/tinyusb/src/portable/raspberrypi/rp2040/dcd_rp2040.c.obj
                0x0000000010004840                dcd_int_enable
 .text.dcd_set_address
                0x000000001000486c       0x2c CMakeFiles/test.dir/Users/lino/Research/pico-sdk/lib/tinyusb/src/portable/raspberrypi/rp2040/dcd_rp2040.c.obj
                0x000000001000486c                dcd_set_address
 .text.dcd_connect
                0x0000000010004898       0x10 CMakeFiles/test.dir/Users/lino/Research/pico-sdk/lib/tinyusb/src/portable/raspberrypi/rp2040/dcd_rp2040.c.obj
                0x0000000010004898                dcd_connect
 .text.dcd_init
                0x00000000100048a8       0x7c CMakeFiles/test.dir/Users/lino/Research/pico-sdk/lib/tinyusb/src/portable/raspberrypi/rp2040/dcd_rp2040.c.obj
                0x00000000100048a8                dcd_init
 .text.dcd_edpt0_status_complete
                0x0000000010004924       0x1c CMakeFiles/test.dir/Users/lino/Research/pico-sdk/lib/tinyusb/src/portable/raspberrypi/rp2040/dcd_rp2040.c.obj
                0x0000000010004924                dcd_edpt0_status_complete
 .text.dcd_edpt_open
                0x0000000010004940       0x40 CMakeFiles/test.dir/Users/lino/Research/pico-sdk/lib/tinyusb/src/portable/raspberrypi/rp2040/dcd_rp2040.c.obj
                0x0000000010004940                dcd_edpt_open
 .text.dcd_edpt_close_all
                0x0000000010004980        0x8 CMakeFiles/test.dir/Users/lino/Research/pico-sdk/lib/tinyusb/src/portable/raspberrypi/rp2040/dcd_rp2040.c.obj
                0x0000000010004980                dcd_edpt_close_all
 .text.dcd_edpt_xfer
                0x0000000010004988       0x30 CMakeFiles/test.dir/Users/lino/Research/pico-sdk/lib/tinyusb/src/portable/raspberrypi/rp2040/dcd_rp2040.c.obj
                0x0000000010004988                dcd_edpt_xfer
 .text.dcd_edpt_stall
                0x00000000100049b8       0x2c CMakeFiles/test.dir/Users/lino/Research/pico-sdk/lib/tinyusb/src/portable/raspberrypi/rp2040/dcd_rp2040.c.obj
                0x00000000100049b8                dcd_edpt_stall
 .text.dcd_edpt_clear_stall
                0x00000000100049e4       0x20 CMakeFiles/test.dir/Users/lino/Research/pico-sdk/lib/tinyusb/src/portable/raspberrypi/rp2040/dcd_rp2040.c.obj
                0x00000000100049e4                dcd_edpt_clear_stall
 .text.prepare_ep_buffer
                0x0000000010004a04       0x70 CMakeFiles/test.dir/Users/lino/Research/pico-sdk/lib/tinyusb/src/portable/raspberrypi/rp2040/rp2040_usb.c.obj
 .text.sync_ep_buffer
                0x0000000010004a74       0x7c CMakeFiles/test.dir/Users/lino/Research/pico-sdk/lib/tinyusb/src/portable/raspberrypi/rp2040/rp2040_usb.c.obj
 .text._hw_endpoint_xfer_sync
                0x0000000010004af0       0x28 CMakeFiles/test.dir/Users/lino/Research/pico-sdk/lib/tinyusb/src/portable/raspberrypi/rp2040/rp2040_usb.c.obj
 .text.rp2040_usb_init
                0x0000000010004b18       0x4c CMakeFiles/test.dir/Users/lino/Research/pico-sdk/lib/tinyusb/src/portable/raspberrypi/rp2040/rp2040_usb.c.obj
                0x0000000010004b18                rp2040_usb_init
 .text.hw_endpoint_reset_transfer
                0x0000000010004b64        0xc CMakeFiles/test.dir/Users/lino/Research/pico-sdk/lib/tinyusb/src/portable/raspberrypi/rp2040/rp2040_usb.c.obj
                0x0000000010004b64                hw_endpoint_reset_transfer
 .text._hw_endpoint_buffer_control_update32
                0x0000000010004b70       0x58 CMakeFiles/test.dir/Users/lino/Research/pico-sdk/lib/tinyusb/src/portable/raspberrypi/rp2040/rp2040_usb.c.obj
                0x0000000010004b70                _hw_endpoint_buffer_control_update32
 .text._hw_endpoint_start_next_buffer
                0x0000000010004bc8       0x74 CMakeFiles/test.dir/Users/lino/Research/pico-sdk/lib/tinyusb/src/portable/raspberrypi/rp2040/rp2040_usb.c.obj
 .text.hw_endpoint_xfer_start
                0x0000000010004c3c       0x48 CMakeFiles/test.dir/Users/lino/Research/pico-sdk/lib/tinyusb/src/portable/raspberrypi/rp2040/rp2040_usb.c.obj
                0x0000000010004c3c                hw_endpoint_xfer_start
 .text.hw_endpoint_xfer_continue
                0x0000000010004c84       0x38 CMakeFiles/test.dir/Users/lino/Research/pico-sdk/lib/tinyusb/src/portable/raspberrypi/rp2040/rp2040_usb.c.obj
                0x0000000010004c84                hw_endpoint_xfer_continue
 .text.configuration_reset
                0x0000000010004cbc       0x84 CMakeFiles/test.dir/Users/lino/Research/pico-sdk/lib/tinyusb/src/device/usbd.c.obj
 .text.usbd_reset
                0x0000000010004d40        0xc CMakeFiles/test.dir/Users/lino/Research/pico-sdk/lib/tinyusb/src/device/usbd.c.obj
 .text.invoke_class_control
                0x0000000010004d4c       0x1a CMakeFiles/test.dir/Users/lino/Research/pico-sdk/lib/tinyusb/src/device/usbd.c.obj
 *fill*         0x0000000010004d66        0x2 
 .text.process_set_config
                0x0000000010004d68      0x1b0 CMakeFiles/test.dir/Users/lino/Research/pico-sdk/lib/tinyusb/src/device/usbd.c.obj
 .text.process_get_descriptor
                0x0000000010004f18       0xec CMakeFiles/test.dir/Users/lino/Research/pico-sdk/lib/tinyusb/src/device/usbd.c.obj
 .text.tud_mounted
                0x0000000010005004       0x10 CMakeFiles/test.dir/Users/lino/Research/pico-sdk/lib/tinyusb/src/device/usbd.c.obj
                0x0000000010005004                tud_mounted
 .text.tud_suspended
                0x0000000010005014       0x10 CMakeFiles/test.dir/Users/lino/Research/pico-sdk/lib/tinyusb/src/device/usbd.c.obj
                0x0000000010005014                tud_suspended
 .text.tud_inited
                0x0000000010005024        0xc CMakeFiles/test.dir/Users/lino/Research/pico-sdk/lib/tinyusb/src/device/usbd.c.obj
                0x0000000010005024                tud_inited
 .text.tud_init
                0x0000000010005030       0xcc CMakeFiles/test.dir/Users/lino/Research/pico-sdk/lib/tinyusb/src/device/usbd.c.obj
                0x0000000010005030                tud_init
 .text.dcd_event_handler
                0x00000000100050fc      0x1e0 CMakeFiles/test.dir/Users/lino/Research/pico-sdk/lib/tinyusb/src/device/usbd.c.obj
                0x00000000100050fc                dcd_event_handler
 .text.dcd_event_bus_signal
                0x00000000100052dc       0x26 CMakeFiles/test.dir/Users/lino/Research/pico-sdk/lib/tinyusb/src/device/usbd.c.obj
                0x00000000100052dc                dcd_event_bus_signal
 .text.dcd_event_bus_reset
                0x0000000010005302       0x2a CMakeFiles/test.dir/Users/lino/Research/pico-sdk/lib/tinyusb/src/device/usbd.c.obj
                0x0000000010005302                dcd_event_bus_reset
 .text.dcd_event_setup_received
                0x000000001000532c       0x34 CMakeFiles/test.dir/Users/lino/Research/pico-sdk/lib/tinyusb/src/device/usbd.c.obj
                0x000000001000532c                dcd_event_setup_received
 .text.dcd_event_xfer_complete
                0x0000000010005360       0x44 CMakeFiles/test.dir/Users/lino/Research/pico-sdk/lib/tinyusb/src/device/usbd.c.obj
                0x0000000010005360                dcd_event_xfer_complete
 .text.usbd_edpt_open
                0x00000000100053a4       0x58 CMakeFiles/test.dir/Users/lino/Research/pico-sdk/lib/tinyusb/src/device/usbd.c.obj
                0x00000000100053a4                usbd_edpt_open
 .text.usbd_open_edpt_pair
                0x00000000100053fc       0x8c CMakeFiles/test.dir/Users/lino/Research/pico-sdk/lib/tinyusb/src/device/usbd.c.obj
                0x00000000100053fc                usbd_open_edpt_pair
 .text.usbd_edpt_claim
                0x0000000010005488       0x8c CMakeFiles/test.dir/Users/lino/Research/pico-sdk/lib/tinyusb/src/device/usbd.c.obj
                0x0000000010005488                usbd_edpt_claim
 .text.usbd_edpt_release
                0x0000000010005514       0x68 CMakeFiles/test.dir/Users/lino/Research/pico-sdk/lib/tinyusb/src/device/usbd.c.obj
                0x0000000010005514                usbd_edpt_release
 .text.usbd_edpt_xfer
                0x000000001000557c       0x80 CMakeFiles/test.dir/Users/lino/Research/pico-sdk/lib/tinyusb/src/device/usbd.c.obj
                0x000000001000557c                usbd_edpt_xfer
 .text.usbd_edpt_stall
                0x00000000100055fc       0x40 CMakeFiles/test.dir/Users/lino/Research/pico-sdk/lib/tinyusb/src/device/usbd.c.obj
                0x00000000100055fc                usbd_edpt_stall
 .text.usbd_edpt_clear_stall
                0x000000001000563c       0x40 CMakeFiles/test.dir/Users/lino/Research/pico-sdk/lib/tinyusb/src/device/usbd.c.obj
                0x000000001000563c                usbd_edpt_clear_stall
 .text.usbd_edpt_stalled
                0x000000001000567c       0x1c CMakeFiles/test.dir/Users/lino/Research/pico-sdk/lib/tinyusb/src/device/usbd.c.obj
                0x000000001000567c                usbd_edpt_stalled
 .text.process_control_request
                0x0000000010005698      0x3b8 CMakeFiles/test.dir/Users/lino/Research/pico-sdk/lib/tinyusb/src/device/usbd.c.obj
 .text.tud_task
                0x0000000010005a50      0x218 CMakeFiles/test.dir/Users/lino/Research/pico-sdk/lib/tinyusb/src/device/usbd.c.obj
                0x0000000010005a50                tud_task
 .text._data_stage_xact
                0x0000000010005c68       0x58 CMakeFiles/test.dir/Users/lino/Research/pico-sdk/lib/tinyusb/src/device/usbd_control.c.obj
 .text.tud_control_status
                0x0000000010005cc0       0x38 CMakeFiles/test.dir/Users/lino/Research/pico-sdk/lib/tinyusb/src/device/usbd_control.c.obj
                0x0000000010005cc0                tud_control_status
 .text.tud_control_xfer
                0x0000000010005cf8       0xa8 CMakeFiles/test.dir/Users/lino/Research/pico-sdk/lib/tinyusb/src/device/usbd_control.c.obj
                0x0000000010005cf8                tud_control_xfer
 .text.usbd_control_reset
                0x0000000010005da0       0x14 CMakeFiles/test.dir/Users/lino/Research/pico-sdk/lib/tinyusb/src/device/usbd_control.c.obj
                0x0000000010005da0                usbd_control_reset
 .text.usbd_control_set_complete_callback
                0x0000000010005db4        0xc CMakeFiles/test.dir/Users/lino/Research/pico-sdk/lib/tinyusb/src/device/usbd_control.c.obj
                0x0000000010005db4                usbd_control_set_complete_callback
 .text.usbd_control_set_request
                0x0000000010005dc0       0x1c CMakeFiles/test.dir/Users/lino/Research/pico-sdk/lib/tinyusb/src/device/usbd_control.c.obj
                0x0000000010005dc0                usbd_control_set_request
 .text.usbd_control_xfer_cb
                0x0000000010005ddc       0xfc CMakeFiles/test.dir/Users/lino/Research/pico-sdk/lib/tinyusb/src/device/usbd_control.c.obj
                0x0000000010005ddc                usbd_control_xfer_cb
 .text._prep_out_transaction
                0x0000000010005ed8       0x46 CMakeFiles/test.dir/Users/lino/Research/pico-sdk/lib/tinyusb/src/class/cdc/cdc_device.c.obj
 *fill*         0x0000000010005f1e        0x2 
 .text.tud_cdc_n_connected
                0x0000000010005f20       0x44 CMakeFiles/test.dir/Users/lino/Research/pico-sdk/lib/tinyusb/src/class/cdc/cdc_device.c.obj
                0x0000000010005f20                tud_cdc_n_connected
 .text.tud_cdc_n_available
                0x0000000010005f64       0x18 CMakeFiles/test.dir/Users/lino/Research/pico-sdk/lib/tinyusb/src/class/cdc/cdc_device.c.obj
                0x0000000010005f64                tud_cdc_n_available
 .text.tud_cdc_n_read
                0x0000000010005f7c       0x28 CMakeFiles/test.dir/Users/lino/Research/pico-sdk/lib/tinyusb/src/class/cdc/cdc_device.c.obj
                0x0000000010005f7c                tud_cdc_n_read
 .text.tud_cdc_n_write_flush
                0x0000000010005fa4       0xcc CMakeFiles/test.dir/Users/lino/Research/pico-sdk/lib/tinyusb/src/class/cdc/cdc_device.c.obj
                0x0000000010005fa4                tud_cdc_n_write_flush
 .text.tud_cdc_n_write
                0x0000000010006070       0x38 CMakeFiles/test.dir/Users/lino/Research/pico-sdk/lib/tinyusb/src/class/cdc/cdc_device.c.obj
                0x0000000010006070                tud_cdc_n_write
 .text.tud_cdc_n_write_available
                0x00000000100060a8       0x1c CMakeFiles/test.dir/Users/lino/Research/pico-sdk/lib/tinyusb/src/class/cdc/cdc_device.c.obj
                0x00000000100060a8                tud_cdc_n_write_available
 .text.cdcd_init
                0x00000000100060c4       0xbc CMakeFiles/test.dir/Users/lino/Research/pico-sdk/lib/tinyusb/src/class/cdc/cdc_device.c.obj
                0x00000000100060c4                cdcd_init
 .text.cdcd_reset
                0x0000000010006180       0x44 CMakeFiles/test.dir/Users/lino/Research/pico-sdk/lib/tinyusb/src/class/cdc/cdc_device.c.obj
                0x0000000010006180                cdcd_reset
 .text.cdcd_open
                0x00000000100061c4       0xf8 CMakeFiles/test.dir/Users/lino/Research/pico-sdk/lib/tinyusb/src/class/cdc/cdc_device.c.obj
                0x00000000100061c4                cdcd_open
 .text.cdcd_control_xfer_cb
                0x00000000100062bc      0x134 CMakeFiles/test.dir/Users/lino/Research/pico-sdk/lib/tinyusb/src/class/cdc/cdc_device.c.obj
                0x00000000100062bc                cdcd_control_xfer_cb
 .text.cdcd_xfer_cb
                0x00000000100063f0      0x144 CMakeFiles/test.dir/Users/lino/Research/pico-sdk/lib/tinyusb/src/class/cdc/cdc_device.c.obj
                0x00000000100063f0                cdcd_xfer_cb
 .text.tusb_init
                0x0000000010006534       0x24 CMakeFiles/test.dir/Users/lino/Research/pico-sdk/lib/tinyusb/src/tusb.c.obj
                0x0000000010006534                tusb_init
 .text.tusb_inited
                0x0000000010006558        0xe CMakeFiles/test.dir/Users/lino/Research/pico-sdk/lib/tinyusb/src/tusb.c.obj
                0x0000000010006558                tusb_inited
 *fill*         0x0000000010006566        0x2 
 .text.tu_edpt_validate
                0x0000000010006568       0xa8 CMakeFiles/test.dir/Users/lino/Research/pico-sdk/lib/tinyusb/src/tusb.c.obj
                0x0000000010006568                tu_edpt_validate
 .text.tu_edpt_bind_driver
                0x0000000010006610       0x2a CMakeFiles/test.dir/Users/lino/Research/pico-sdk/lib/tinyusb/src/tusb.c.obj
                0x0000000010006610                tu_edpt_bind_driver
 .text.advance_pointer
                0x000000001000663a       0x18 CMakeFiles/test.dir/Users/lino/Research/pico-sdk/lib/tinyusb/src/common/tusb_fifo.c.obj
 .text.backward_pointer
                0x0000000010006652       0x1e CMakeFiles/test.dir/Users/lino/Research/pico-sdk/lib/tinyusb/src/common/tusb_fifo.c.obj
 .text.get_relative_pointer
                0x0000000010006670       0x10 CMakeFiles/test.dir/Users/lino/Research/pico-sdk/lib/tinyusb/src/common/tusb_fifo.c.obj
 .text._tu_fifo_peek
                0x0000000010006680       0x50 CMakeFiles/test.dir/Users/lino/Research/pico-sdk/lib/tinyusb/src/common/tusb_fifo.c.obj
 .text._ff_pull_const_addr
                0x00000000100066d0       0x4c CMakeFiles/test.dir/Users/lino/Research/pico-sdk/lib/tinyusb/src/common/tusb_fifo.c.obj
 .text._ff_pull_n
                0x000000001000671c      0x10c CMakeFiles/test.dir/Users/lino/Research/pico-sdk/lib/tinyusb/src/common/tusb_fifo.c.obj
 .text._tu_fifo_peek_n
                0x0000000010006828       0x5e CMakeFiles/test.dir/Users/lino/Research/pico-sdk/lib/tinyusb/src/common/tusb_fifo.c.obj
 .text._tu_fifo_read_n
                0x0000000010006886       0x4e CMakeFiles/test.dir/Users/lino/Research/pico-sdk/lib/tinyusb/src/common/tusb_fifo.c.obj
 .text._ff_push_const_addr
                0x00000000100068d4       0x40 CMakeFiles/test.dir/Users/lino/Research/pico-sdk/lib/tinyusb/src/common/tusb_fifo.c.obj
 .text._ff_push_n
                0x0000000010006914      0x108 CMakeFiles/test.dir/Users/lino/Research/pico-sdk/lib/tinyusb/src/common/tusb_fifo.c.obj
 .text._tu_fifo_write_n
                0x0000000010006a1c       0x9e CMakeFiles/test.dir/Users/lino/Research/pico-sdk/lib/tinyusb/src/common/tusb_fifo.c.obj
 .text.tu_fifo_config
                0x0000000010006aba       0x72 CMakeFiles/test.dir/Users/lino/Research/pico-sdk/lib/tinyusb/src/common/tusb_fifo.c.obj
                0x0000000010006aba                tu_fifo_config
 .text.tu_fifo_count
                0x0000000010006b2c       0x26 CMakeFiles/test.dir/Users/lino/Research/pico-sdk/lib/tinyusb/src/common/tusb_fifo.c.obj
                0x0000000010006b2c                tu_fifo_count
 .text.tu_fifo_empty
                0x0000000010006b52       0x10 CMakeFiles/test.dir/Users/lino/Research/pico-sdk/lib/tinyusb/src/common/tusb_fifo.c.obj
                0x0000000010006b52                tu_fifo_empty
 .text.tu_fifo_remaining
                0x0000000010006b62       0x20 CMakeFiles/test.dir/Users/lino/Research/pico-sdk/lib/tinyusb/src/common/tusb_fifo.c.obj
                0x0000000010006b62                tu_fifo_remaining
 .text.tu_fifo_read
                0x0000000010006b82       0x42 CMakeFiles/test.dir/Users/lino/Research/pico-sdk/lib/tinyusb/src/common/tusb_fifo.c.obj
                0x0000000010006b82                tu_fifo_read
 .text.tu_fifo_read_n
                0x0000000010006bc4        0xa CMakeFiles/test.dir/Users/lino/Research/pico-sdk/lib/tinyusb/src/common/tusb_fifo.c.obj
                0x0000000010006bc4                tu_fifo_read_n
 .text.tu_fifo_write
                0x0000000010006bce       0x6c CMakeFiles/test.dir/Users/lino/Research/pico-sdk/lib/tinyusb/src/common/tusb_fifo.c.obj
                0x0000000010006bce                tu_fifo_write
 .text.tu_fifo_write_n
                0x0000000010006c3a        0xa CMakeFiles/test.dir/Users/lino/Research/pico-sdk/lib/tinyusb/src/common/tusb_fifo.c.obj
                0x0000000010006c3a                tu_fifo_write_n
 .text.tu_fifo_clear
                0x0000000010006c44       0x4c CMakeFiles/test.dir/Users/lino/Research/pico-sdk/lib/tinyusb/src/common/tusb_fifo.c.obj
                0x0000000010006c44                tu_fifo_clear
 .text.tu_fifo_set_overwritable
                0x0000000010006c90       0x3c CMakeFiles/test.dir/Users/lino/Research/pico-sdk/lib/tinyusb/src/common/tusb_fifo.c.obj
                0x0000000010006c90                tu_fifo_set_overwritable
 .text._retrieve_unique_id_on_boot
                0x0000000010006ccc       0x10 CMakeFiles/test.dir/Users/lino/Research/pico-sdk/src/rp2_common/pico_unique_id/unique_id.c.obj
 .text.pico_get_unique_board_id_string
                0x0000000010006cdc       0x60 CMakeFiles/test.dir/Users/lino/Research/pico-sdk/src/rp2_common/pico_unique_id/unique_id.c.obj
                0x0000000010006cdc                pico_get_unique_board_id_string
 .text.flash_get_unique_id
                0x0000000010006d3c       0x46 CMakeFiles/test.dir/Users/lino/Research/pico-sdk/src/rp2_common/hardware_flash/flash.c.obj
                0x0000000010006d3c                flash_get_unique_id
 .text          0x0000000010006d82      0x44e tinyJambu/libtinyJambu.a(encrypt.c.obj)
                0x0000000010006d82                state_update
                0x0000000010006df4                initialization
                0x0000000010006e44                process_ad
                0x0000000010006f06                crypto_aead_encrypt
                0x000000001000706e                crypto_aead_decrypt
 .text.strlen   0x00000000100071d0       0x5c /usr/local/Cellar/arm-none-eabi-gcc/10.3-2021.07/gcc/bin/../lib/gcc/arm-none-eabi/10.3.1/../../../../arm-none-eabi/lib/thumb/v6-m/nofp/libg.a(lib_a-strlen-stub.o)
                0x00000000100071d0                strlen
 *(.fini)
 .fini          0x000000001000722c        0x4 /usr/local/Cellar/arm-none-eabi-gcc/10.3-2021.07/gcc/bin/../lib/gcc/arm-none-eabi/10.3.1/thumb/v6-m/nofp/crti.o
                0x000000001000722c                _fini
 .fini.__stub   0x0000000010007230       0x70 linker stubs
 *crtbegin.o(.ctors)
 *crtbegin?.o(.ctors)
 *(EXCLUDE_FILE(*crtend.o *crtend?.o) .ctors)
 *(SORT_BY_NAME(.ctors.*))
 *(.ctors)
 *crtbegin.o(.dtors)
 *crtbegin?.o(.dtors)
 *(EXCLUDE_FILE(*crtend.o *crtend?.o) .dtors)
 *(SORT_BY_NAME(.dtors.*))
 *(.dtors)
 *(.eh_frame*)
 .eh_frame      0x00000000100072a0        0x0 /usr/local/Cellar/arm-none-eabi-gcc/10.3-2021.07/gcc/bin/../lib/gcc/arm-none-eabi/10.3.1/thumb/v6-m/nofp/crtbegin.o
                0x00000000100072a0                . = ALIGN (0x4)

.glue_7         0x00000000100072a0        0x0
 .glue_7        0x00000000100072a0        0x0 linker stubs

.glue_7t        0x00000000100072a0        0x0
 .glue_7t       0x00000000100072a0        0x0 linker stubs

.vfp11_veneer   0x00000000100072a0        0x0
 .vfp11_veneer  0x00000000100072a0        0x0 linker stubs

.v4_bx          0x00000000100072a0        0x0
 .v4_bx         0x00000000100072a0        0x0 linker stubs

.iplt           0x00000000100072a0        0x0
 .iplt          0x00000000100072a0        0x0 /usr/local/Cellar/arm-none-eabi-gcc/10.3-2021.07/gcc/bin/../lib/gcc/arm-none-eabi/10.3.1/thumb/v6-m/nofp/crtbegin.o

.rodata         0x00000000100072a0     0x1784
 *(EXCLUDE_FILE(*libm.a: *libc.a:*lib_a-mem*.o *libgcc.a:) .rodata*)
 .rodata.main.str1.4
                0x00000000100072a0       0x59 CMakeFiles/test.dir/test.c.obj
                                         0x5d (size before relaxing)
 *fill*         0x00000000100072f9        0x3 
 .rodata        0x00000000100072fc       0x1c CMakeFiles/test.dir/test.c.obj
 .rodata.spin_lock_claim_unused.str1.4
                0x0000000010007318       0x1b CMakeFiles/test.dir/Users/lino/Research/pico-sdk/src/rp2_common/hardware_sync/sync.c.obj
 *fill*         0x0000000010007333        0x1 
 .rodata.make_branch.str1.4
                0x0000000010007334       0x70 CMakeFiles/test.dir/Users/lino/Research/pico-sdk/src/rp2_common/hardware_irq/irq.c.obj
 .rodata.insert_branch_and_link.str1.4
                0x00000000100073a4       0x10 CMakeFiles/test.dir/Users/lino/Research/pico-sdk/src/rp2_common/hardware_irq/irq.c.obj
 .rodata.irq_set_exclusive_handler.str1.4
                0x00000000100073b4       0x36 CMakeFiles/test.dir/Users/lino/Research/pico-sdk/src/rp2_common/hardware_irq/irq.c.obj
 *fill*         0x00000000100073ea        0x2 
 .rodata.irq_add_shared_handler.str1.4
                0x00000000100073ec       0xd9 CMakeFiles/test.dir/Users/lino/Research/pico-sdk/src/rp2_common/hardware_irq/irq.c.obj
 *fill*         0x00000000100074c5        0x3 
 .rodata.irq_remove_handler.str1.4
                0x00000000100074c8       0x2a CMakeFiles/test.dir/Users/lino/Research/pico-sdk/src/rp2_common/hardware_irq/irq.c.obj
 *fill*         0x00000000100074f2        0x2 
 .rodata.irq_add_tail_to_free_list.str1.4
                0x00000000100074f4       0x3a CMakeFiles/test.dir/Users/lino/Research/pico-sdk/src/rp2_common/hardware_irq/irq.c.obj
 *fill*         0x000000001000752e        0x2 
 .rodata.user_irq_claim_unused.str1.4
                0x0000000010007530       0x1b CMakeFiles/test.dir/Users/lino/Research/pico-sdk/src/rp2_common/hardware_irq/irq.c.obj
 *fill*         0x000000001000754b        0x1 
 .rodata.__func__.0
                0x000000001000754c       0x1a CMakeFiles/test.dir/Users/lino/Research/pico-sdk/src/rp2_common/hardware_irq/irq.c.obj
 *fill*         0x0000000010007566        0x2 
 .rodata.__func__.1
                0x0000000010007568       0x17 CMakeFiles/test.dir/Users/lino/Research/pico-sdk/src/rp2_common/hardware_irq/irq.c.obj
 *fill*         0x000000001000757f        0x1 
 .rodata.__func__.2
                0x0000000010007580       0x13 CMakeFiles/test.dir/Users/lino/Research/pico-sdk/src/rp2_common/hardware_irq/irq.c.obj
 *fill*         0x0000000010007593        0x1 
 .rodata.__func__.3
                0x0000000010007594        0xc CMakeFiles/test.dir/Users/lino/Research/pico-sdk/src/rp2_common/hardware_irq/irq.c.obj
 .rodata.__func__.4
                0x00000000100075a0        0xf CMakeFiles/test.dir/Users/lino/Research/pico-sdk/src/rp2_common/hardware_irq/irq.c.obj
 *fill*         0x00000000100075af        0x1 
 .rodata.__func__.5
                0x00000000100075b0       0x17 CMakeFiles/test.dir/Users/lino/Research/pico-sdk/src/rp2_common/hardware_irq/irq.c.obj
 *fill*         0x00000000100075c7        0x1 
 .rodata.__func__.6
                0x00000000100075c8       0x1a CMakeFiles/test.dir/Users/lino/Research/pico-sdk/src/rp2_common/hardware_irq/irq.c.obj
 *fill*         0x00000000100075e2        0x2 
 .rodata.repeating_timer_callback.str1.4
                0x00000000100075e4       0x4e CMakeFiles/test.dir/Users/lino/Research/pico-sdk/src/common/pico_time/time.c.obj
 *fill*         0x0000000010007632        0x2 
 .rodata.alarm_pool_dump_key.str1.4
                0x0000000010007634       0x33 CMakeFiles/test.dir/Users/lino/Research/pico-sdk/src/common/pico_time/time.c.obj
 *fill*         0x0000000010007667        0x1 
 .rodata.ph_add_child_node.str1.4
                0x0000000010007668       0x9a CMakeFiles/test.dir/Users/lino/Research/pico-sdk/src/common/pico_time/time.c.obj
 *fill*         0x0000000010007702        0x2 
 .rodata.add_alarm_under_lock.str1.4
                0x0000000010007704       0x28 CMakeFiles/test.dir/Users/lino/Research/pico-sdk/src/common/pico_time/time.c.obj
                                         0x2b (size before relaxing)
 .rodata.alarm_pool_alarm_callback.str1.4
                0x000000001000772c       0xe6 CMakeFiles/test.dir/Users/lino/Research/pico-sdk/src/common/pico_time/time.c.obj
 *fill*         0x0000000010007812        0x2 
 .rodata.alarm_pool_get_default.str1.4
                0x0000000010007814       0x21 CMakeFiles/test.dir/Users/lino/Research/pico-sdk/src/common/pico_time/time.c.obj
 *fill*         0x0000000010007835        0x3 
 .rodata.alarm_pool_cancel_alarm.str1.4
                0x0000000010007838       0x27 CMakeFiles/test.dir/Users/lino/Research/pico-sdk/src/common/pico_time/time.c.obj
 *fill*         0x000000001000785f        0x1 
 .rodata.sleep_until.str1.4
                0x0000000010007860       0x4d CMakeFiles/test.dir/Users/lino/Research/pico-sdk/src/common/pico_time/time.c.obj
 *fill*         0x00000000100078ad        0x3 
 .rodata.__func__.1
                0x00000000100078b0       0x18 CMakeFiles/test.dir/Users/lino/Research/pico-sdk/src/common/pico_time/time.c.obj
 .rodata.__func__.10
                0x00000000100078c8       0x15 CMakeFiles/test.dir/Users/lino/Research/pico-sdk/src/common/pico_time/time.c.obj
 *fill*         0x00000000100078dd        0x3 
 .rodata.__func__.11
                0x00000000100078e0       0x1a CMakeFiles/test.dir/Users/lino/Research/pico-sdk/src/common/pico_time/time.c.obj
 *fill*         0x00000000100078fa        0x2 
 .rodata.__func__.12
                0x00000000100078fc        0xa CMakeFiles/test.dir/Users/lino/Research/pico-sdk/src/common/pico_time/time.c.obj
 *fill*         0x0000000010007906        0x2 
 .rodata.__func__.3
                0x0000000010007908       0x17 CMakeFiles/test.dir/Users/lino/Research/pico-sdk/src/common/pico_time/time.c.obj
 *fill*         0x000000001000791f        0x1 
 .rodata.__func__.4
                0x0000000010007920       0x12 CMakeFiles/test.dir/Users/lino/Research/pico-sdk/src/common/pico_time/time.c.obj
 *fill*         0x0000000010007932        0x2 
 .rodata.__func__.5
                0x0000000010007934        0xd CMakeFiles/test.dir/Users/lino/Research/pico-sdk/src/common/pico_time/time.c.obj
 *fill*         0x0000000010007941        0x3 
 .rodata.__func__.6
                0x0000000010007944       0x12 CMakeFiles/test.dir/Users/lino/Research/pico-sdk/src/common/pico_time/time.c.obj
 *fill*         0x0000000010007956        0x2 
 .rodata.__func__.7
                0x0000000010007958        0xf CMakeFiles/test.dir/Users/lino/Research/pico-sdk/src/common/pico_time/time.c.obj
 *fill*         0x0000000010007967        0x1 
 .rodata.__func__.8
                0x0000000010007968        0xc CMakeFiles/test.dir/Users/lino/Research/pico-sdk/src/common/pico_time/time.c.obj
 .rodata.__func__.9
                0x0000000010007974       0x15 CMakeFiles/test.dir/Users/lino/Research/pico-sdk/src/common/pico_time/time.c.obj
 *fill*         0x0000000010007989        0x3 
 .rodata.hardware_alarm_claim.str1.4
                0x000000001000798c       0x22 CMakeFiles/test.dir/Users/lino/Research/pico-sdk/src/rp2_common/hardware_timer/timer.c.obj
 *fill*         0x00000000100079ae        0x2 
 .rodata.hardware_alarm_set_target.str1.4
                0x00000000100079b0       0x68 CMakeFiles/test.dir/Users/lino/Research/pico-sdk/src/rp2_common/hardware_timer/timer.c.obj
 .rodata.__func__.0
                0x0000000010007a18       0x1a CMakeFiles/test.dir/Users/lino/Research/pico-sdk/src/rp2_common/hardware_timer/timer.c.obj
 .rodata.ph_add_child_node.str1.4
                0x0000000010007a32       0x9a CMakeFiles/test.dir/Users/lino/Research/pico-sdk/src/common/pico_util/pheap.c.obj
 *fill*         0x0000000010007a32        0x2 
 .rodata.ph_remove_any_head.str1.4
                0x0000000010007a34       0x90 CMakeFiles/test.dir/Users/lino/Research/pico-sdk/src/common/pico_util/pheap.c.obj
 .rodata.ph_remove_and_free_node.str1.4
                0x0000000010007ac4       0x1e CMakeFiles/test.dir/Users/lino/Research/pico-sdk/src/common/pico_util/pheap.c.obj
                                         0x26 (size before relaxing)
 *fill*         0x0000000010007ae2        0x2 
 .rodata.__func__.0
                0x0000000010007ae4       0x18 CMakeFiles/test.dir/Users/lino/Research/pico-sdk/src/common/pico_util/pheap.c.obj
 .rodata.__func__.1
                0x0000000010007afc       0x13 CMakeFiles/test.dir/Users/lino/Research/pico-sdk/src/common/pico_util/pheap.c.obj
 *fill*         0x0000000010007b0f        0x1 
 .rodata.__func__.2
                0x0000000010007b10       0x12 CMakeFiles/test.dir/Users/lino/Research/pico-sdk/src/common/pico_util/pheap.c.obj
 *fill*         0x0000000010007b22        0x2 
 .rodata.__func__.3
                0x0000000010007b24        0xc CMakeFiles/test.dir/Users/lino/Research/pico-sdk/src/common/pico_util/pheap.c.obj
 .rodata.str1.4
                0x0000000010007b30       0x8d CMakeFiles/test.dir/Users/lino/Research/pico-sdk/src/common/pico_sync/mutex.c.obj
                                         0xf1 (size before relaxing)
 *fill*         0x0000000010007bbd        0x3 
 .rodata.__func__.1
                0x0000000010007bc0        0xb CMakeFiles/test.dir/Users/lino/Research/pico-sdk/src/common/pico_sync/mutex.c.obj
 *fill*         0x0000000010007bcb        0x1 
 .rodata.__func__.3
                0x0000000010007bcc       0x18 CMakeFiles/test.dir/Users/lino/Research/pico-sdk/src/common/pico_sync/mutex.c.obj
 .rodata.__func__.4
                0x0000000010007be4       0x15 CMakeFiles/test.dir/Users/lino/Research/pico-sdk/src/common/pico_sync/mutex.c.obj
 *fill*         0x0000000010007bf9        0x3 
 .rodata.__assert_func.str1.4
                0x0000000010007bfc       0x3f CMakeFiles/test.dir/Users/lino/Research/pico-sdk/src/rp2_common/pico_runtime/runtime.c.obj
                                         0x43 (size before relaxing)
 *fill*         0x0000000010007c3b        0x1 
 .rodata.runtime_init.str1.4
                0x0000000010007c3c       0x64 CMakeFiles/test.dir/Users/lino/Research/pico-sdk/src/rp2_common/pico_runtime/runtime.c.obj
 .rodata.panic.str1.4
                0x0000000010007ca0       0x12 CMakeFiles/test.dir/Users/lino/Research/pico-sdk/src/rp2_common/pico_runtime/runtime.c.obj
 *fill*         0x0000000010007cb2        0x2 
 .rodata.__func__.1
                0x0000000010007cb4        0xd CMakeFiles/test.dir/Users/lino/Research/pico-sdk/src/rp2_common/pico_runtime/runtime.c.obj
 *fill*         0x0000000010007cc1        0x3 
 .rodata.clock_configure.str1.4
                0x0000000010007cc4       0x5a CMakeFiles/test.dir/Users/lino/Research/pico-sdk/src/rp2_common/hardware_clocks/clocks.c.obj
 *fill*         0x0000000010007d1e        0x2 
 .rodata.__func__.1
                0x0000000010007d20       0x10 CMakeFiles/test.dir/Users/lino/Research/pico-sdk/src/rp2_common/hardware_clocks/clocks.c.obj
 .rodata.pll_init.str1.4
                0x0000000010007d30      0x13b CMakeFiles/test.dir/Users/lino/Research/pico-sdk/src/rp2_common/hardware_pll/pll.c.obj
 *fill*         0x0000000010007e6b        0x1 
 .rodata.__func__.0
                0x0000000010007e6c        0x9 CMakeFiles/test.dir/Users/lino/Research/pico-sdk/src/rp2_common/hardware_pll/pll.c.obj
 *fill*         0x0000000010007e75        0x3 
 .rodata._ftoa.str1.4
                0x0000000010007e78       0x15 CMakeFiles/test.dir/Users/lino/Research/pico-sdk/src/rp2_common/pico_printf/printf.c.obj
 *fill*         0x0000000010007e8d        0x3 
 .rodata._vsnprintf
                0x0000000010007e90      0x1e0 CMakeFiles/test.dir/Users/lino/Research/pico-sdk/src/rp2_common/pico_printf/printf.c.obj
 .rodata.pow10.0
                0x0000000010008070       0x50 CMakeFiles/test.dir/Users/lino/Research/pico-sdk/src/rp2_common/pico_printf/printf.c.obj
 .rodata.missing_double_func_shim.str1.4
                0x00000000100080c0       0x18 CMakeFiles/test.dir/Users/lino/Research/pico-sdk/src/rp2_common/pico_double/double_init_rom.c.obj
 .rodata.__aeabi_double_init.str1.4
                0x00000000100080d8       0xab CMakeFiles/test.dir/Users/lino/Research/pico-sdk/src/rp2_common/pico_double/double_init_rom.c.obj
 *fill*         0x0000000010008183        0x1 
 .rodata.__func__.0
                0x0000000010008184       0x14 CMakeFiles/test.dir/Users/lino/Research/pico-sdk/src/rp2_common/pico_double/double_init_rom.c.obj
 .rodata.missing_float_func_shim.str1.4
                0x0000000010008198        0x1 CMakeFiles/test.dir/Users/lino/Research/pico-sdk/src/rp2_common/pico_float/float_init_rom.c.obj
 .rodata.__aeabi_float_init.str1.4
                0x0000000010008198       0x7d CMakeFiles/test.dir/Users/lino/Research/pico-sdk/src/rp2_common/pico_float/float_init_rom.c.obj
 *fill*         0x0000000010008215        0x3 
 .rodata.__func__.0
                0x0000000010008218       0x13 CMakeFiles/test.dir/Users/lino/Research/pico-sdk/src/rp2_common/pico_float/float_init_rom.c.obj
 *fill*         0x000000001000822b        0x1 
 .rodata.str1.4
                0x000000001000822c       0x3c CMakeFiles/test.dir/Users/lino/Research/pico-sdk/src/rp2_common/pico_standard_link/binary_info.c.obj
 .rodata.__bi_44
                0x0000000010008268        0xc CMakeFiles/test.dir/Users/lino/Research/pico-sdk/src/rp2_common/pico_standard_link/binary_info.c.obj
 .rodata.__bi_75
                0x0000000010008274        0xc CMakeFiles/test.dir/Users/lino/Research/pico-sdk/src/rp2_common/pico_standard_link/binary_info.c.obj
 .rodata.__bi_81
                0x0000000010008280        0xc CMakeFiles/test.dir/Users/lino/Research/pico-sdk/src/rp2_common/pico_standard_link/binary_info.c.obj
 .rodata.crlf_str.3
                0x000000001000828c        0x2 CMakeFiles/test.dir/Users/lino/Research/pico-sdk/src/rp2_common/pico_stdio/stdio.c.obj
 *fill*         0x000000001000828e        0x2 
 .rodata._resetd_driver
                0x0000000010008290       0x18 CMakeFiles/test.dir/Users/lino/Research/pico-sdk/src/rp2_common/pico_stdio_usb/reset_interface.c.obj
 .rodata.timer_task.str1.4
                0x00000000100082a8       0x70 CMakeFiles/test.dir/Users/lino/Research/pico-sdk/src/rp2_common/pico_stdio_usb/stdio_usb.c.obj
 .rodata.stdio_usb_init.str1.4
                0x0000000010008318       0x64 CMakeFiles/test.dir/Users/lino/Research/pico-sdk/src/rp2_common/pico_stdio_usb/stdio_usb.c.obj
 .rodata.str1.4
                0x0000000010008318       0x13 CMakeFiles/test.dir/Users/lino/Research/pico-sdk/src/rp2_common/pico_stdio_usb/stdio_usb.c.obj
 *fill*         0x000000001000832b        0x1 
 .rodata.__bi_118.2
                0x000000001000832c        0xc CMakeFiles/test.dir/Users/lino/Research/pico-sdk/src/rp2_common/pico_stdio_usb/stdio_usb.c.obj
 .rodata.__func__.0
                0x0000000010008338       0x15 CMakeFiles/test.dir/Users/lino/Research/pico-sdk/src/rp2_common/pico_stdio_usb/stdio_usb.c.obj
 *fill*         0x000000001000834d        0x3 
 .rodata.__func__.1
                0x0000000010008350        0xb CMakeFiles/test.dir/Users/lino/Research/pico-sdk/src/rp2_common/pico_stdio_usb/stdio_usb.c.obj
 *fill*         0x000000001000835b        0x1 
 .rodata.str1.4
                0x000000001000835c       0x2a CMakeFiles/test.dir/Users/lino/Research/pico-sdk/src/rp2_common/pico_stdio_usb/stdio_usb_descriptors.c.obj
 *fill*         0x0000000010008386        0x2 
 .rodata.usbd_desc_cfg
                0x0000000010008388       0x54 CMakeFiles/test.dir/Users/lino/Research/pico-sdk/src/rp2_common/pico_stdio_usb/stdio_usb_descriptors.c.obj
 .rodata.usbd_desc_device
                0x00000000100083dc       0x12 CMakeFiles/test.dir/Users/lino/Research/pico-sdk/src/rp2_common/pico_stdio_usb/stdio_usb_descriptors.c.obj
 *fill*         0x00000000100083ee        0x2 
 .rodata.usbd_desc_str
                0x00000000100083f0       0x18 CMakeFiles/test.dir/Users/lino/Research/pico-sdk/src/rp2_common/pico_stdio_usb/stdio_usb_descriptors.c.obj
 .rodata._hw_endpoint_alloc.str1.4
                0x0000000010008408       0xb9 CMakeFiles/test.dir/Users/lino/Research/pico-sdk/lib/tinyusb/src/portable/raspberrypi/rp2040/dcd_rp2040.c.obj
 *fill*         0x00000000100084c1        0x3 
 .rodata.dcd_rp2040_irq.str1.4
                0x00000000100084c4       0x14 CMakeFiles/test.dir/Users/lino/Research/pico-sdk/lib/tinyusb/src/portable/raspberrypi/rp2040/dcd_rp2040.c.obj
 .rodata.dcd_int_enable.str1.4
                0x00000000100084d8        0xc CMakeFiles/test.dir/Users/lino/Research/pico-sdk/lib/tinyusb/src/portable/raspberrypi/rp2040/dcd_rp2040.c.obj
 .rodata.__func__.0
                0x00000000100084e4        0xe CMakeFiles/test.dir/Users/lino/Research/pico-sdk/lib/tinyusb/src/portable/raspberrypi/rp2040/dcd_rp2040.c.obj
 *fill*         0x00000000100084f2        0x2 
 .rodata.__func__.1
                0x00000000100084f4        0xe CMakeFiles/test.dir/Users/lino/Research/pico-sdk/lib/tinyusb/src/portable/raspberrypi/rp2040/dcd_rp2040.c.obj
 *fill*         0x0000000010008502        0x2 
 .rodata.__func__.3
                0x0000000010008504       0x10 CMakeFiles/test.dir/Users/lino/Research/pico-sdk/lib/tinyusb/src/portable/raspberrypi/rp2040/dcd_rp2040.c.obj
 .rodata.__func__.5
                0x0000000010008514        0xf CMakeFiles/test.dir/Users/lino/Research/pico-sdk/lib/tinyusb/src/portable/raspberrypi/rp2040/dcd_rp2040.c.obj
 *fill*         0x0000000010008523        0x1 
 .rodata.__func__.6
                0x0000000010008524       0x13 CMakeFiles/test.dir/Users/lino/Research/pico-sdk/lib/tinyusb/src/portable/raspberrypi/rp2040/dcd_rp2040.c.obj
 *fill*         0x0000000010008537        0x1 
 .rodata.__func__.7
                0x0000000010008538        0x9 CMakeFiles/test.dir/Users/lino/Research/pico-sdk/lib/tinyusb/src/portable/raspberrypi/rp2040/dcd_rp2040.c.obj
 *fill*         0x0000000010008541        0x3 
 .rodata.sync_ep_buffer.str1.4
                0x0000000010008544       0x95 CMakeFiles/test.dir/Users/lino/Research/pico-sdk/lib/tinyusb/src/portable/raspberrypi/rp2040/rp2040_usb.c.obj
 *fill*         0x00000000100085d9        0x3 
 .rodata._hw_endpoint_buffer_control_update32.str1.4
                0x00000000100085dc       0x1f CMakeFiles/test.dir/Users/lino/Research/pico-sdk/lib/tinyusb/src/portable/raspberrypi/rp2040/rp2040_usb.c.obj
 *fill*         0x00000000100085fb        0x1 
 .rodata.hw_endpoint_xfer_start.str1.4
                0x00000000100085fc       0x38 CMakeFiles/test.dir/Users/lino/Research/pico-sdk/lib/tinyusb/src/portable/raspberrypi/rp2040/rp2040_usb.c.obj
 .rodata.hw_endpoint_xfer_continue.str1.4
                0x0000000010008634       0x29 CMakeFiles/test.dir/Users/lino/Research/pico-sdk/lib/tinyusb/src/portable/raspberrypi/rp2040/rp2040_usb.c.obj
 *fill*         0x000000001000865d        0x3 
 .rodata.str1.4
                0x0000000010008660        0x7 CMakeFiles/test.dir/Users/lino/Research/pico-sdk/lib/tinyusb/src/portable/raspberrypi/rp2040/rp2040_usb.c.obj
 *fill*         0x0000000010008667        0x1 
 .rodata.__func__.0
                0x0000000010008668        0xf CMakeFiles/test.dir/Users/lino/Research/pico-sdk/lib/tinyusb/src/portable/raspberrypi/rp2040/rp2040_usb.c.obj
 *fill*         0x0000000010008677        0x1 
 .rodata.process_set_config.str1.4
                0x0000000010008678       0x17 CMakeFiles/test.dir/Users/lino/Research/pico-sdk/lib/tinyusb/src/device/usbd.c.obj
 *fill*         0x000000001000868f        0x1 
 .rodata.process_get_descriptor
                0x0000000010008690       0x40 CMakeFiles/test.dir/Users/lino/Research/pico-sdk/lib/tinyusb/src/device/usbd.c.obj
 .rodata.process_control_request
                0x00000000100086d0       0x28 CMakeFiles/test.dir/Users/lino/Research/pico-sdk/lib/tinyusb/src/device/usbd.c.obj
 .rodata.tud_task
                0x00000000100086f8       0x24 CMakeFiles/test.dir/Users/lino/Research/pico-sdk/lib/tinyusb/src/device/usbd.c.obj
 .rodata.__func__.2
                0x000000001000871c        0xf CMakeFiles/test.dir/Users/lino/Research/pico-sdk/lib/tinyusb/src/device/usbd.c.obj
 *fill*         0x000000001000872b        0x1 
 .rodata.__func__.3
                0x000000001000872c        0xf CMakeFiles/test.dir/Users/lino/Research/pico-sdk/lib/tinyusb/src/device/usbd.c.obj
 *fill*         0x000000001000873b        0x1 
 .rodata.__func__.4
                0x000000001000873c       0x14 CMakeFiles/test.dir/Users/lino/Research/pico-sdk/lib/tinyusb/src/device/usbd.c.obj
 .rodata.__func__.5
                0x0000000010008750       0x10 CMakeFiles/test.dir/Users/lino/Research/pico-sdk/lib/tinyusb/src/device/usbd.c.obj
 .rodata.__func__.6
                0x0000000010008760       0x17 CMakeFiles/test.dir/Users/lino/Research/pico-sdk/lib/tinyusb/src/device/usbd.c.obj
 *fill*         0x0000000010008777        0x1 
 .rodata.__func__.7
                0x0000000010008778       0x13 CMakeFiles/test.dir/Users/lino/Research/pico-sdk/lib/tinyusb/src/device/usbd.c.obj
 *fill*         0x000000001000878b        0x1 
 .rodata.__func__.8
                0x000000001000878c       0x18 CMakeFiles/test.dir/Users/lino/Research/pico-sdk/lib/tinyusb/src/device/usbd.c.obj
 .rodata.__func__.9
                0x00000000100087a4        0x9 CMakeFiles/test.dir/Users/lino/Research/pico-sdk/lib/tinyusb/src/device/usbd.c.obj
 *fill*         0x00000000100087ad        0x3 
 .rodata._usbd_driver
                0x00000000100087b0       0x18 CMakeFiles/test.dir/Users/lino/Research/pico-sdk/lib/tinyusb/src/device/usbd.c.obj
 .rodata.tud_control_xfer.str1.4
                0x00000000100087c8       0x17 CMakeFiles/test.dir/Users/lino/Research/pico-sdk/lib/tinyusb/src/device/usbd_control.c.obj
 .rodata.__func__.0
                0x00000000100087c8       0x15 CMakeFiles/test.dir/Users/lino/Research/pico-sdk/lib/tinyusb/src/device/usbd_control.c.obj
 *fill*         0x00000000100087dd        0x3 
 .rodata.__func__.1
                0x00000000100087e0       0x11 CMakeFiles/test.dir/Users/lino/Research/pico-sdk/lib/tinyusb/src/device/usbd_control.c.obj
 .rodata.tud_cdc_n_write_flush.str1.4
                0x00000000100087f1       0x17 CMakeFiles/test.dir/Users/lino/Research/pico-sdk/lib/tinyusb/src/class/cdc/cdc_device.c.obj
 *fill*         0x00000000100087f1        0x3 
 .rodata.__func__.0
                0x00000000100087f4        0xd CMakeFiles/test.dir/Users/lino/Research/pico-sdk/lib/tinyusb/src/class/cdc/cdc_device.c.obj
 *fill*         0x0000000010008801        0x3 
 .rodata.__func__.1
                0x0000000010008804        0xa CMakeFiles/test.dir/Users/lino/Research/pico-sdk/lib/tinyusb/src/class/cdc/cdc_device.c.obj
 *fill*         0x000000001000880e        0x2 
 .rodata.__func__.2
                0x0000000010008810       0x16 CMakeFiles/test.dir/Users/lino/Research/pico-sdk/lib/tinyusb/src/class/cdc/cdc_device.c.obj
 .rodata.tusb_init.str1.4
                0x0000000010008826       0x17 CMakeFiles/test.dir/Users/lino/Research/pico-sdk/lib/tinyusb/src/tusb.c.obj
 *fill*         0x0000000010008826        0x2 
 .rodata.__func__.0
                0x0000000010008828       0x11 CMakeFiles/test.dir/Users/lino/Research/pico-sdk/lib/tinyusb/src/tusb.c.obj
 *fill*         0x0000000010008839        0x3 
 .rodata.__func__.1
                0x000000001000883c        0xa CMakeFiles/test.dir/Users/lino/Research/pico-sdk/lib/tinyusb/src/tusb.c.obj
 *fill*         0x0000000010008846        0x2 
 .rodata.pico_get_unique_board_id_string.str1.4
                0x0000000010008848       0x50 CMakeFiles/test.dir/Users/lino/Research/pico-sdk/src/rp2_common/pico_unique_id/unique_id.c.obj
 .rodata.__func__.0
                0x0000000010008898       0x20 CMakeFiles/test.dir/Users/lino/Research/pico-sdk/src/rp2_common/pico_unique_id/unique_id.c.obj
 .rodata.str1.4
                0x00000000100088b8      0x15a CMakeFiles/test.dir/Users/lino/Research/pico-sdk/src/rp2_common/hardware_flash/flash.c.obj
 *fill*         0x0000000010008a12        0x2 
 .rodata.__func__.0
                0x0000000010008a14        0xd CMakeFiles/test.dir/Users/lino/Research/pico-sdk/src/rp2_common/hardware_flash/flash.c.obj
                0x0000000010008a24                . = ALIGN (0x4)
 *fill*         0x0000000010008a21        0x3 
 *(SORT_BY_ALIGNMENT(SORT_BY_NAME(.flashdata*)))
                0x0000000010008a24                . = ALIGN (0x4)

.rel.dyn        0x0000000010008a24        0x0
 .rel.iplt      0x0000000010008a24        0x0 /usr/local/Cellar/arm-none-eabi-gcc/10.3-2021.07/gcc/bin/../lib/gcc/arm-none-eabi/10.3.1/thumb/v6-m/nofp/crtbegin.o

.ARM.extab
 *(.ARM.extab* .gnu.linkonce.armextab.*)
                0x0000000010008a24                __exidx_start = .

.ARM.exidx
 *(.ARM.exidx* .gnu.linkonce.armexidx.*)
                0x0000000010008a24                __exidx_end = .
                0x0000000010008a24                . = ALIGN (0x4)
                0x0000000010008a24                __binary_info_start = .

.binary_info    0x0000000010008a24       0x20
 *(.binary_info.keep.*)
 .binary_info.keep.__bi_ptr22
                0x0000000010008a24        0x4 CMakeFiles/test.dir/Users/lino/Research/pico-sdk/src/rp2_common/pico_standard_link/binary_info.c.obj
 .binary_info.keep.__bi_ptr30
                0x0000000010008a28        0x4 CMakeFiles/test.dir/Users/lino/Research/pico-sdk/src/rp2_common/pico_standard_link/binary_info.c.obj
 .binary_info.keep.__bi_ptr38
                0x0000000010008a2c        0x4 CMakeFiles/test.dir/Users/lino/Research/pico-sdk/src/rp2_common/pico_standard_link/binary_info.c.obj
 .binary_info.keep.__bi_ptr44
                0x0000000010008a30        0x4 CMakeFiles/test.dir/Users/lino/Research/pico-sdk/src/rp2_common/pico_standard_link/binary_info.c.obj
 .binary_info.keep.__bi_ptr50
                0x0000000010008a34        0x4 CMakeFiles/test.dir/Users/lino/Research/pico-sdk/src/rp2_common/pico_standard_link/binary_info.c.obj
 .binary_info.keep.__bi_ptr75
                0x0000000010008a38        0x4 CMakeFiles/test.dir/Users/lino/Research/pico-sdk/src/rp2_common/pico_standard_link/binary_info.c.obj
 .binary_info.keep.__bi_ptr81
                0x0000000010008a3c        0x4 CMakeFiles/test.dir/Users/lino/Research/pico-sdk/src/rp2_common/pico_standard_link/binary_info.c.obj
 *(.binary_info.*)
 .binary_info.__bi_ptr118
                0x0000000010008a40        0x4 CMakeFiles/test.dir/Users/lino/Research/pico-sdk/src/rp2_common/pico_stdio_usb/stdio_usb.c.obj
                0x0000000010008a44                __binary_info_end = .
                0x0000000010008a44                . = ALIGN (0x4)
                0x0000000010008a44                __etext = .

.ram_vector_table
                0x0000000020000000       0xc0
 *(.ram_vector_table)
 .ram_vector_table
                0x0000000020000000       0xc0 CMakeFiles/test.dir/Users/lino/Research/pico-sdk/src/rp2_common/pico_runtime/runtime.c.obj
                0x0000000020000000                ram_vector_table

.data           0x00000000200000c0      0x460 load address 0x0000000010008a44
                0x00000000200000c0                __data_start__ = .
 *(vtable)
 *(.time_critical*)
 .time_critical.mutex_enter_blocking
                0x00000000200000c0       0x48 CMakeFiles/test.dir/Users/lino/Research/pico-sdk/src/common/pico_sync/mutex.c.obj
                0x00000000200000c0                mutex_enter_blocking
 .time_critical.mutex_try_enter
                0x0000000020000108       0x46 CMakeFiles/test.dir/Users/lino/Research/pico-sdk/src/common/pico_sync/mutex.c.obj
                0x0000000020000108                mutex_try_enter
 *fill*         0x000000002000014e        0x2 
 .time_critical.mutex_enter_block_until
                0x0000000020000150       0x8c CMakeFiles/test.dir/Users/lino/Research/pico-sdk/src/common/pico_sync/mutex.c.obj
                0x0000000020000150                mutex_enter_block_until
 .time_critical.mutex_enter_timeout_ms
                0x00000000200001dc       0x74 CMakeFiles/test.dir/Users/lino/Research/pico-sdk/src/common/pico_sync/mutex.c.obj
                0x00000000200001dc                mutex_enter_timeout_ms
 .time_critical.mutex_exit
                0x0000000020000250       0x4c CMakeFiles/test.dir/Users/lino/Research/pico-sdk/src/common/pico_sync/mutex.c.obj
                0x0000000020000250                mutex_exit
 .time_critical.flash_init_boot2_copyout
                0x000000002000029c       0x30 CMakeFiles/test.dir/Users/lino/Research/pico-sdk/src/rp2_common/hardware_flash/flash.c.obj
 .time_critical.flash_enable_xip_via_boot2
                0x00000000200002cc       0x10 CMakeFiles/test.dir/Users/lino/Research/pico-sdk/src/rp2_common/hardware_flash/flash.c.obj
 .time_critical.flash_cs_force
                0x00000000200002dc       0x28 CMakeFiles/test.dir/Users/lino/Research/pico-sdk/src/rp2_common/hardware_flash/flash.c.obj
 .time_critical.flash_do_cmd
                0x0000000020000304       0xd8 CMakeFiles/test.dir/Users/lino/Research/pico-sdk/src/rp2_common/hardware_flash/flash.c.obj
                0x0000000020000304                flash_do_cmd
 *(.text*)
 .text          0x00000000200003dc        0x4 /usr/local/Cellar/arm-none-eabi-gcc/10.3-2021.07/gcc/bin/../lib/gcc/arm-none-eabi/10.3.1/thumb/v6-m/nofp/libgcc.a(_dvmd_tls.o)
                0x00000000200003dc                __aeabi_ldiv0
                0x00000000200003dc                __aeabi_idiv0
 .text.__stub   0x00000000200003e0       0x40 linker stubs
                0x0000000020000420                . = ALIGN (0x4)
 *(.rodata*)
                0x0000000020000420                . = ALIGN (0x4)
 *(.data*)
 .data.striped_spin_lock_num
                0x0000000020000420        0x1 CMakeFiles/test.dir/Users/lino/Research/pico-sdk/src/rp2_common/hardware_sync/sync.c.obj
 *fill*         0x0000000020000421        0x3 
 .data          0x0000000020000424       0x48 CMakeFiles/test.dir/Users/lino/Research/pico-sdk/src/rp2_common/hardware_irq/irq_handler_chain.S.obj
                0x0000000020000424                irq_handler_chain_slots
                0x0000000020000454                irq_handler_chain_first_slot
                0x000000002000045e                irq_handler_chain_remove_tail
 .data.default_alarm_pool
                0x000000002000046c       0x18 CMakeFiles/test.dir/Users/lino/Research/pico-sdk/src/common/pico_time/time.c.obj
 .data.default_alarm_pool_heap
                0x0000000020000484       0x10 CMakeFiles/test.dir/Users/lino/Research/pico-sdk/src/common/pico_time/time.c.obj
 *fill*         0x0000000020000494        0xc 
 .data.aeabi_bits_funcs
                0x00000000200004a0       0x10 CMakeFiles/test.dir/Users/lino/Research/pico-sdk/src/rp2_common/pico_bit_ops/bit_ops_aeabi.S.obj
                0x00000000200004a0                aeabi_bits_funcs
                0x00000000200004b0                aeabi_bits_funcs_end
 .data.aeabi_mem_funcs
                0x00000000200004b0       0x10 CMakeFiles/test.dir/Users/lino/Research/pico-sdk/src/rp2_common/pico_mem_ops/mem_ops_aeabi.S.obj
                0x00000000200004b0                aeabi_mem_funcs
                0x00000000200004c0                aeabi_mem_funcs_end
 .data.stdio_usb
                0x00000000200004c0       0x14 CMakeFiles/test.dir/Users/lino/Research/pico-sdk/src/rp2_common/pico_stdio_usb/stdio_usb.c.obj
                0x00000000200004c0                stdio_usb
 .data.ep_dir_string
                0x00000000200004d4        0x8 CMakeFiles/test.dir/Users/lino/Research/pico-sdk/lib/tinyusb/src/portable/raspberrypi/rp2040/rp2040_usb.c.obj
                0x00000000200004d4                ep_dir_string
 .data._usbd_qdef
                0x00000000200004dc       0x24 CMakeFiles/test.dir/Users/lino/Research/pico-sdk/lib/tinyusb/src/device/usbd.c.obj
                0x00000000200004dc                _usbd_qdef
                0x0000000020000500                . = ALIGN (0x4)
 *(.after_data.*)
                0x0000000020000500                . = ALIGN (0x4)
                0x0000000020000500                PROVIDE (__mutex_array_start = .)
 *(SORT_BY_NAME(.mutex_array.*))
 *(.mutex_array)
 .mutex_array   0x0000000020000500        0x8 CMakeFiles/test.dir/Users/lino/Research/pico-sdk/src/rp2_common/pico_stdio/stdio.c.obj
                0x0000000020000508                PROVIDE (__mutex_array_end = .)
                0x0000000020000508                . = ALIGN (0x4)
                0x0000000020000508                PROVIDE (__preinit_array_start = .)
 *(SORT_BY_NAME(.preinit_array.*))
 .preinit_array.00001
                0x0000000020000508        0x4 CMakeFiles/test.dir/Users/lino/Research/pico-sdk/src/rp2_common/pico_mem_ops/mem_ops_aeabi.S.obj
 .preinit_array.00010
                0x000000002000050c        0x4 CMakeFiles/test.dir/Users/lino/Research/pico-sdk/src/rp2_common/pico_bit_ops/bit_ops_aeabi.S.obj
 .preinit_array.00020
                0x0000000020000510        0x4 CMakeFiles/test.dir/Users/lino/Research/pico-sdk/src/rp2_common/pico_double/double_aeabi.S.obj
 .preinit_array.00020
                0x0000000020000514        0x4 CMakeFiles/test.dir/Users/lino/Research/pico-sdk/src/rp2_common/pico_float/float_aeabi.S.obj
 *(.preinit_array)
                0x0000000020000518                PROVIDE (__preinit_array_end = .)
                0x0000000020000518                . = ALIGN (0x4)
                0x0000000020000518                PROVIDE (__init_array_start = .)
 *(SORT_BY_NAME(.init_array.*))
 *(.init_array)
 .init_array    0x0000000020000518        0x4 /usr/local/Cellar/arm-none-eabi-gcc/10.3-2021.07/gcc/bin/../lib/gcc/arm-none-eabi/10.3.1/thumb/v6-m/nofp/crtbegin.o
 .init_array    0x000000002000051c        0x4 CMakeFiles/test.dir/Users/lino/Research/pico-sdk/src/rp2_common/pico_unique_id/unique_id.c.obj
                0x0000000020000520                PROVIDE (__init_array_end = .)
                0x0000000020000520                . = ALIGN (0x4)
                [!provide]                        PROVIDE (__fini_array_start = .)
 *(SORT_BY_NAME(.fini_array.*))
 *(.fini_array)
                [!provide]                        PROVIDE (__fini_array_end = .)
 *(.jcr)
                0x0000000020000520                . = ALIGN (0x4)
                0x0000000020000520                __data_end__ = .

.igot.plt       0x0000000020000520        0x0 load address 0x0000000010008ea4
 .igot.plt      0x0000000020000520        0x0 /usr/local/Cellar/arm-none-eabi-gcc/10.3-2021.07/gcc/bin/../lib/gcc/arm-none-eabi/10.3.1/thumb/v6-m/nofp/crtbegin.o

.uninitialized_data
                0x0000000020000520        0x0 load address 0x0000000010008ea4
                0x0000000020000520                . = ALIGN (0x4)
 *(.uninitialized_data*)

.scratch_x      0x0000000020040000        0x0 load address 0x0000000010008ea4